Component: ARM Compiler 5.05 update 1 (build 106) Tool: armlink [4d0efa]

==============================================================================

Section Cross References

    startup_stm32f10x_hd.o(RESET) refers to startup_stm32f10x_hd.o(STACK) for __initial_sp
    startup_stm32f10x_hd.o(RESET) refers to startup_stm32f10x_hd.o(.text) for Reset_Handler
    startup_stm32f10x_hd.o(RESET) refers to stm32f10x_it.o(i.NMI_Handler) for NMI_Handler
    startup_stm32f10x_hd.o(RESET) refers to stm32f10x_it.o(i.HardFault_Handler) for HardFault_Handler
    startup_stm32f10x_hd.o(RESET) refers to stm32f10x_it.o(i.MemManage_Handler) for MemManage_Handler
    startup_stm32f10x_hd.o(RESET) refers to stm32f10x_it.o(i.BusFault_Handler) for BusFault_Handler
    startup_stm32f10x_hd.o(RESET) refers to stm32f10x_it.o(i.UsageFault_Handler) for UsageFault_Handler
    startup_stm32f10x_hd.o(RESET) refers to rtime.o(i.SysTick_Handler) for SysTick_Handler
    startup_stm32f10x_hd.o(RESET) refers to remote.o(i.TIM2_IRQHandler) for TIM2_IRQHandler
    startup_stm32f10x_hd.o(RESET) refers to stm32f10x_it.o(i.USART1_IRQHandler) for USART1_IRQHandler
    startup_stm32f10x_hd.o(RESET) refers to stm32f10x_it.o(i.USART2_IRQHandler) for USART2_IRQHandler
    startup_stm32f10x_hd.o(RESET) refers to stm32f10x_it.o(i.USART3_IRQHandler) for USART3_IRQHandler
    startup_stm32f10x_hd.o(RESET) refers to remote.o(i.TIM5_IRQHandler) for TIM5_IRQHandler
    startup_stm32f10x_hd.o(RESET) refers to stm32f10x_it.o(i.UART4_IRQHandler) for UART4_IRQHandler
    startup_stm32f10x_hd.o(RESET) refers to stm32f10x_it.o(i.UART5_IRQHandler) for UART5_IRQHandler
    startup_stm32f10x_hd.o(.text) refers to system_stm32f10x.o(i.SystemInit) for SystemInit
    startup_stm32f10x_hd.o(.text) refers to entry.o(.ARM.Collect$$$$00000000) for __main
    system_stm32f10x.o(i.SetSysClock) refers to system_stm32f10x.o(i.SetSysClockTo72) for SetSysClockTo72
    system_stm32f10x.o(i.SystemCoreClockUpdate) refers to system_stm32f10x.o(.data) for SystemCoreClock
    system_stm32f10x.o(i.SystemInit) refers to system_stm32f10x.o(i.SetSysClock) for SetSysClock
    stm32f10x_gpio.o(i.GPIO_AFIODeInit) refers to stm32f10x_rcc.o(i.RCC_APB2PeriphResetCmd) for RCC_APB2PeriphResetCmd
    stm32f10x_gpio.o(i.GPIO_DeInit) refers to stm32f10x_rcc.o(i.RCC_APB2PeriphResetCmd) for RCC_APB2PeriphResetCmd
    stm32f10x_rcc.o(i.RCC_GetClocksFreq) refers to stm32f10x_rcc.o(.data) for APBAHBPrescTable
    stm32f10x_rcc.o(i.RCC_WaitForHSEStartUp) refers to stm32f10x_rcc.o(i.RCC_GetFlagStatus) for RCC_GetFlagStatus
    stm32f10x_usart.o(i.USART_DeInit) refers to stm32f10x_rcc.o(i.RCC_APB2PeriphResetCmd) for RCC_APB2PeriphResetCmd
    stm32f10x_usart.o(i.USART_DeInit) refers to stm32f10x_rcc.o(i.RCC_APB1PeriphResetCmd) for RCC_APB1PeriphResetCmd
    stm32f10x_usart.o(i.USART_Init) refers to stm32f10x_rcc.o(i.RCC_GetClocksFreq) for RCC_GetClocksFreq
    stm32f10x_tim.o(i.TIM_DeInit) refers to stm32f10x_rcc.o(i.RCC_APB2PeriphResetCmd) for RCC_APB2PeriphResetCmd
    stm32f10x_tim.o(i.TIM_DeInit) refers to stm32f10x_rcc.o(i.RCC_APB1PeriphResetCmd) for RCC_APB1PeriphResetCmd
    stm32f10x_tim.o(i.TIM_ETRClockMode1Config) refers to stm32f10x_tim.o(i.TIM_ETRConfig) for TIM_ETRConfig
    stm32f10x_tim.o(i.TIM_ETRClockMode2Config) refers to stm32f10x_tim.o(i.TIM_ETRConfig) for TIM_ETRConfig
    stm32f10x_tim.o(i.TIM_ICInit) refers to stm32f10x_tim.o(i.TI1_Config) for TI1_Config
    stm32f10x_tim.o(i.TIM_ICInit) refers to stm32f10x_tim.o(i.TIM_SetIC1Prescaler) for TIM_SetIC1Prescaler
    stm32f10x_tim.o(i.TIM_ICInit) refers to stm32f10x_tim.o(i.TI2_Config) for TI2_Config
    stm32f10x_tim.o(i.TIM_ICInit) refers to stm32f10x_tim.o(i.TIM_SetIC2Prescaler) for TIM_SetIC2Prescaler
    stm32f10x_tim.o(i.TIM_ICInit) refers to stm32f10x_tim.o(i.TI3_Config) for TI3_Config
    stm32f10x_tim.o(i.TIM_ICInit) refers to stm32f10x_tim.o(i.TIM_SetIC3Prescaler) for TIM_SetIC3Prescaler
    stm32f10x_tim.o(i.TIM_ICInit) refers to stm32f10x_tim.o(i.TI4_Config) for TI4_Config
    stm32f10x_tim.o(i.TIM_ICInit) refers to stm32f10x_tim.o(i.TIM_SetIC4Prescaler) for TIM_SetIC4Prescaler
    stm32f10x_tim.o(i.TIM_ITRxExternalClockConfig) refers to stm32f10x_tim.o(i.TIM_SelectInputTrigger) for TIM_SelectInputTrigger
    stm32f10x_tim.o(i.TIM_PWMIConfig) refers to stm32f10x_tim.o(i.TI1_Config) for TI1_Config
    stm32f10x_tim.o(i.TIM_PWMIConfig) refers to stm32f10x_tim.o(i.TIM_SetIC1Prescaler) for TIM_SetIC1Prescaler
    stm32f10x_tim.o(i.TIM_PWMIConfig) refers to stm32f10x_tim.o(i.TI2_Config) for TI2_Config
    stm32f10x_tim.o(i.TIM_PWMIConfig) refers to stm32f10x_tim.o(i.TIM_SetIC2Prescaler) for TIM_SetIC2Prescaler
    stm32f10x_tim.o(i.TIM_TIxExternalClockConfig) refers to stm32f10x_tim.o(i.TI2_Config) for TI2_Config
    stm32f10x_tim.o(i.TIM_TIxExternalClockConfig) refers to stm32f10x_tim.o(i.TI1_Config) for TI1_Config
    stm32f10x_tim.o(i.TIM_TIxExternalClockConfig) refers to stm32f10x_tim.o(i.TIM_SelectInputTrigger) for TIM_SelectInputTrigger
    stm32f10x_flash.o(i.FLASH_EnableWriteProtection) refers to stm32f10x_flash.o(i.FLASH_WaitForLastOperation) for FLASH_WaitForLastOperation
    stm32f10x_flash.o(i.FLASH_EraseAllBank1Pages) refers to stm32f10x_flash.o(i.FLASH_WaitForLastBank1Operation) for FLASH_WaitForLastBank1Operation
    stm32f10x_flash.o(i.FLASH_EraseAllPages) refers to stm32f10x_flash.o(i.FLASH_WaitForLastOperation) for FLASH_WaitForLastOperation
    stm32f10x_flash.o(i.FLASH_EraseOptionBytes) refers to stm32f10x_flash.o(i.FLASH_GetReadOutProtectionStatus) for FLASH_GetReadOutProtectionStatus
    stm32f10x_flash.o(i.FLASH_EraseOptionBytes) refers to stm32f10x_flash.o(i.FLASH_WaitForLastOperation) for FLASH_WaitForLastOperation
    stm32f10x_flash.o(i.FLASH_ErasePage) refers to stm32f10x_flash.o(i.FLASH_WaitForLastOperation) for FLASH_WaitForLastOperation
    stm32f10x_flash.o(i.FLASH_ProgramHalfWord) refers to stm32f10x_flash.o(i.FLASH_WaitForLastOperation) for FLASH_WaitForLastOperation
    stm32f10x_flash.o(i.FLASH_ProgramOptionByteData) refers to stm32f10x_flash.o(i.FLASH_WaitForLastOperation) for FLASH_WaitForLastOperation
    stm32f10x_flash.o(i.FLASH_ProgramWord) refers to stm32f10x_flash.o(i.FLASH_WaitForLastOperation) for FLASH_WaitForLastOperation
    stm32f10x_flash.o(i.FLASH_ReadOutProtection) refers to stm32f10x_flash.o(i.FLASH_WaitForLastOperation) for FLASH_WaitForLastOperation
    stm32f10x_flash.o(i.FLASH_UserOptionByteConfig) refers to stm32f10x_flash.o(i.FLASH_WaitForLastOperation) for FLASH_WaitForLastOperation
    stm32f10x_flash.o(i.FLASH_WaitForLastBank1Operation) refers to stm32f10x_flash.o(i.FLASH_GetBank1Status) for FLASH_GetBank1Status
    stm32f10x_flash.o(i.FLASH_WaitForLastOperation) refers to stm32f10x_flash.o(i.FLASH_GetBank1Status) for FLASH_GetBank1Status
    stm32f10x_pwr.o(i.PWR_DeInit) refers to stm32f10x_rcc.o(i.RCC_APB1PeriphResetCmd) for RCC_APB1PeriphResetCmd
    stm32f10x_adc.o(i.ADC_DeInit) refers to stm32f10x_rcc.o(i.RCC_APB2PeriphResetCmd) for RCC_APB2PeriphResetCmd
    stm32f10x_rtc.o(i.RTC_SetAlarm) refers to stm32f10x_rtc.o(i.RTC_EnterConfigMode) for RTC_EnterConfigMode
    stm32f10x_rtc.o(i.RTC_SetAlarm) refers to stm32f10x_rtc.o(i.RTC_ExitConfigMode) for RTC_ExitConfigMode
    stm32f10x_rtc.o(i.RTC_SetCounter) refers to stm32f10x_rtc.o(i.RTC_EnterConfigMode) for RTC_EnterConfigMode
    stm32f10x_rtc.o(i.RTC_SetCounter) refers to stm32f10x_rtc.o(i.RTC_ExitConfigMode) for RTC_ExitConfigMode
    stm32f10x_rtc.o(i.RTC_SetPrescaler) refers to stm32f10x_rtc.o(i.RTC_EnterConfigMode) for RTC_EnterConfigMode
    stm32f10x_rtc.o(i.RTC_SetPrescaler) refers to stm32f10x_rtc.o(i.RTC_ExitConfigMode) for RTC_ExitConfigMode
    stm32f10x_bkp.o(i.BKP_DeInit) refers to stm32f10x_rcc.o(i.RCC_BackupResetCmd) for RCC_BackupResetCmd
    rtime.o(i.InputCaptureInit) refers to stm32f10x_rcc.o(i.RCC_APB1PeriphClockCmd) for RCC_APB1PeriphClockCmd
    rtime.o(i.InputCaptureInit) refers to stm32f10x_tim.o(i.TIM_TimeBaseInit) for TIM_TimeBaseInit
    rtime.o(i.InputCaptureInit) refers to stm32f10x_tim.o(i.TIM_ITConfig) for TIM_ITConfig
    rtime.o(i.InputCaptureInit) refers to stm32f10x_tim.o(i.TIM_ClearFlag) for TIM_ClearFlag
    rtime.o(i.InputCaptureInit) refers to stm32f10x_tim.o(i.TIM_ICInit) for TIM_ICInit
    rtime.o(i.InputCaptureInit) refers to stm32f10x_tim.o(i.TIM_Cmd) for TIM_Cmd
    rtime.o(i.SysTick_Handler) refers to rtime.o(i.Timer_TickISR) for Timer_TickISR
    rtime.o(i.SysTick_Handler) refers to rtime.o(.data) for tickcnt
    rtime.o(i.Timer_Delayms) refers to rtime.o(i.Timer_Set) for Timer_Set
    rtime.o(i.Timer_Delayms) refers to rtime.o(i.Timer_GetReached) for Timer_GetReached
    rtime.o(i.Timer_GetElapse) refers to rtime.o(.data) for r_tickcnt
    rtime.o(i.Timer_GetReached) refers to rtime.o(i.Timer_GetElapse) for Timer_GetElapse
    rtime.o(i.Timer_Reset) refers to rtime.o(.data) for r_tickcnt
    rtime.o(i.Timer_Set) refers to rtime.o(.data) for r_tickcnt
    rtime.o(i.Timer_TickISR) refers to rtime.o(.data) for r_tickcnt
    rstring.o(i.FindDstInArray) refers to rstring.o(i.RMLStrcmp) for RMLStrcmp
    rstring.o(i.RHexToStr) refers to rstring.o(.data) for HexTable
    rsystem.o(i.RInit) refers to rtime.o(i.Systick_Init) for Systick_Init
    uart.o(i.UART1_Init) refers to stm32f10x_rcc.o(i.RCC_APB2PeriphClockCmd) for RCC_APB2PeriphClockCmd
    uart.o(i.UART1_Init) refers to stm32f10x_gpio.o(i.GPIO_Init) for GPIO_Init
    uart.o(i.UART1_Init) refers to stm32f10x_usart.o(i.USART_Init) for USART_Init
    uart.o(i.UART1_Init) refers to stm32f10x_usart.o(i.USART_ITConfig) for USART_ITConfig
    uart.o(i.UART1_Init) refers to stm32f10x_usart.o(i.USART_Cmd) for USART_Cmd
    uart.o(i.UART2_Init) refers to stm32f10x_rcc.o(i.RCC_APB2PeriphClockCmd) for RCC_APB2PeriphClockCmd
    uart.o(i.UART2_Init) refers to stm32f10x_rcc.o(i.RCC_APB1PeriphClockCmd) for RCC_APB1PeriphClockCmd
    uart.o(i.UART2_Init) refers to stm32f10x_gpio.o(i.GPIO_Init) for GPIO_Init
    uart.o(i.UART2_Init) refers to stm32f10x_usart.o(i.USART_Init) for USART_Init
    uart.o(i.UART2_Init) refers to stm32f10x_usart.o(i.USART_Cmd) for USART_Cmd
    uart.o(i.UART3_Init) refers to stm32f10x_rcc.o(i.RCC_APB2PeriphClockCmd) for RCC_APB2PeriphClockCmd
    uart.o(i.UART3_Init) refers to stm32f10x_rcc.o(i.RCC_APB1PeriphClockCmd) for RCC_APB1PeriphClockCmd
    uart.o(i.UART3_Init) refers to stm32f10x_gpio.o(i.GPIO_Init) for GPIO_Init
    uart.o(i.UART3_Init) refers to stm32f10x_usart.o(i.USART_Init) for USART_Init
    uart.o(i.UART3_Init) refers to stm32f10x_usart.o(i.USART_Cmd) for USART_Cmd
    uart.o(i.UART4_Init) refers to stm32f10x_rcc.o(i.RCC_APB2PeriphClockCmd) for RCC_APB2PeriphClockCmd
    uart.o(i.UART4_Init) refers to stm32f10x_rcc.o(i.RCC_APB1PeriphClockCmd) for RCC_APB1PeriphClockCmd
    uart.o(i.UART4_Init) refers to stm32f10x_gpio.o(i.GPIO_Init) for GPIO_Init
    uart.o(i.UART4_Init) refers to stm32f10x_usart.o(i.USART_Init) for USART_Init
    uart.o(i.UART4_Init) refers to stm32f10x_usart.o(i.USART_Cmd) for USART_Cmd
    uart.o(i.UART5_Init) refers to stm32f10x_rcc.o(i.RCC_APB2PeriphClockCmd) for RCC_APB2PeriphClockCmd
    uart.o(i.UART5_Init) refers to stm32f10x_rcc.o(i.RCC_APB1PeriphClockCmd) for RCC_APB1PeriphClockCmd
    uart.o(i.UART5_Init) refers to stm32f10x_gpio.o(i.GPIO_Init) for GPIO_Init
    uart.o(i.UART5_Init) refers to stm32f10x_usart.o(i.USART_Init) for USART_Init
    uart.o(i.UART5_Init) refers to stm32f10x_usart.o(i.USART_Cmd) for USART_Cmd
    uart.o(i.UART_Config_RxInterrupt) refers to stm32f10x_usart.o(i.USART_ITConfig) for USART_ITConfig
    uart.o(i.UART_SendDataBlock) refers to stm32f10x_usart.o(i.USART_GetFlagStatus) for USART_GetFlagStatus
    nvic.o(i.NVIC_Configuration) refers to misc.o(i.NVIC_PriorityGroupConfig) for NVIC_PriorityGroupConfig
    nvic.o(i.NVIC_Configuration) refers to misc.o(i.NVIC_Init) for NVIC_Init
    bsp.o(i.BSP_Init) refers to rsystem.o(i.RInit) for RInit
    bsp.o(i.BSP_Init) refers to nvic.o(i.NVIC_Configuration) for NVIC_Configuration
    bsp.o(i.BSP_Init) refers to systest.o(i.SysTest_Bsp_Init) for SysTest_Bsp_Init
    bsp.o(i.BSP_Init) refers to lcd.o(i.LcdMainInit) for LcdMainInit
    bsp.o(i.BSP_Init) refers to led.o(i.Led_Init) for Led_Init
    systest.o(i.IsSysTestDataRcved) refers to systest.o(.data) for GetData_bAvail
    systest.o(i.RcvDataInit) refers to memseta.o(.text) for __aeabi_memclr
    systest.o(i.RcvDataInit) refers to systest.o(.data) for GetData_bAvail
    systest.o(i.RcvDataInit) refers to systest.o(.bss) for SysTest_RcvData
    systest.o(i.SysTest_Bsp_Init) refers to systest.o(i.SysTest_UART_Init) for SysTest_UART_Init
    systest.o(i.SysTest_Bsp_Init) refers to systest.o(i.SysTest_Enable_RcvIT) for SysTest_Enable_RcvIT
    systest.o(i.SysTest_Disable_RcvIT) refers to uart.o(i.UART_Config_RxInterrupt) for UART_Config_RxInterrupt
    systest.o(i.SysTest_Enable_RcvIT) refers to uart.o(i.UART_Config_RxInterrupt) for UART_Config_RxInterrupt
    systest.o(i.SysTest_GetUartData) refers to systest.o(.data) for SysTest_RcvDataLen
    systest.o(i.SysTest_GetUartData) refers to systest.o(.bss) for SysTest_RcvData
    systest.o(i.SysTest_Putstr) refers to systest.o(i.RcvDataInit) for RcvDataInit
    systest.o(i.SysTest_Putstr) refers to stm32f10x_usart.o(i.USART_GetFlagStatus) for USART_GetFlagStatus
    systest.o(i.SysTest_Putstr) refers to stm32f10x_usart.o(i.USART_SendData) for USART_SendData
    systest.o(i.SysTest_Putstr1) refers to systest.o(i.RcvDataInit) for RcvDataInit
    systest.o(i.SysTest_Putstr1) refers to stm32f10x_usart.o(i.USART_GetFlagStatus) for USART_GetFlagStatus
    systest.o(i.SysTest_Putstr1) refers to stm32f10x_usart.o(i.USART_SendData) for USART_SendData
    systest.o(i.SysTest_RcvDataInit) refers to memseta.o(.text) for __aeabi_memclr
    systest.o(i.SysTest_RcvDataInit) refers to systest.o(.data) for GetData_bAvail
    systest.o(i.SysTest_RcvDataInit) refers to systest.o(.bss) for SysTest_RcvData
    systest.o(i.SysTest_SendData) refers to systest.o(i.RcvDataInit) for RcvDataInit
    systest.o(i.SysTest_SendData) refers to stm32f10x_usart.o(i.USART_GetFlagStatus) for USART_GetFlagStatus
    systest.o(i.SysTest_SendData) refers to stm32f10x_usart.o(i.USART_SendData) for USART_SendData
    systest.o(i.SysTest_UART_Init) refers to uart.o(i.UART2_Init) for UART2_Init
    5110lcd.o(i.GPIO_Configuration_LCD) refers to stm32f10x_rcc.o(i.RCC_APB2PeriphClockCmd) for RCC_APB2PeriphClockCmd
    5110lcd.o(i.GPIO_Configuration_LCD) refers to stm32f10x_gpio.o(i.GPIO_Init) for GPIO_Init
    5110lcd.o(i.GPIO_Configuration_LCD) refers to stm32f10x_gpio.o(i.GPIO_SetBits) for GPIO_SetBits
    5110lcd.o(i.LCD_Clear) refers to 5110lcd.o(i.LCD_Set_XY) for LCD_Set_XY
    5110lcd.o(i.LCD_Clear) refers to 5110lcd.o(i.LCD_WriteByte) for LCD_WriteByte
    5110lcd.o(i.LCD_Init) refers to stm32f10x_gpio.o(i.GPIO_SetBits) for GPIO_SetBits
    5110lcd.o(i.LCD_Init) refers to stm32f10x_gpio.o(i.GPIO_ResetBits) for GPIO_ResetBits
    5110lcd.o(i.LCD_Init) refers to rtime.o(i.Timer_Delayms) for Timer_Delayms
    5110lcd.o(i.LCD_Init) refers to 5110lcd.o(i.LCD_WriteByte) for LCD_WriteByte
    5110lcd.o(i.LCD_Init) refers to 5110lcd.o(i.LCD_Clear) for LCD_Clear
    5110lcd.o(i.LCD_Set_XY) refers to 5110lcd.o(i.LCD_WriteByte) for LCD_WriteByte
    5110lcd.o(i.LCD_Set_XY) refers to stm32f10x_gpio.o(i.GPIO_SetBits) for GPIO_SetBits
    5110lcd.o(i.LCD_WriteByte) refers to stm32f10x_gpio.o(i.GPIO_ResetBits) for GPIO_ResetBits
    5110lcd.o(i.LCD_WriteByte) refers to stm32f10x_gpio.o(i.GPIO_SetBits) for GPIO_SetBits
    5110lcd.o(i.LCD_WriteChar) refers to 5110lcd.o(i.LCD_Set_XY) for LCD_Set_XY
    5110lcd.o(i.LCD_WriteChar) refers to 5110lcd.o(i.LCD_WriteByte) for LCD_WriteByte
    5110lcd.o(i.LCD_WriteChar) refers to 5110lcd.o(.constdata) for font
    5110lcd.o(i.LCD_WriteNumber) refers to 5110lcd.o(i.LCD_WriteChar) for LCD_WriteChar
    5110lcd.o(i.LCD_WriteNumber) refers to 5110lcd.o(i.LCD_WriteString_en) for LCD_WriteString_en
    5110lcd.o(i.LCD_WriteNumber) refers to 5110lcd.o(.data) for lcd_display
    5110lcd.o(i.LCD_WriteString_en) refers to 5110lcd.o(i.LCD_WriteChar) for LCD_WriteChar
    5110lcd.o(i.LCD_Write_cn) refers to 5110lcd.o(i.LCD_Set_XY) for LCD_Set_XY
    5110lcd.o(i.LCD_Write_cn) refers to 5110lcd.o(i.LCD_WriteByte) for LCD_WriteByte
    5110lcd.o(i.LCD_Write_cn) refers to 5110lcd.o(.constdata) for Hzk
    stmflash.o(i.STMFLASH_Read) refers to stmflash.o(i.STMFLASH_ReadHalfWord) for STMFLASH_ReadHalfWord
    stmflash.o(i.STMFLASH_Write) refers to stm32f10x_flash.o(i.FLASH_Unlock) for FLASH_Unlock
    stmflash.o(i.STMFLASH_Write) refers to stmflash.o(i.STMFLASH_Read) for STMFLASH_Read
    stmflash.o(i.STMFLASH_Write) refers to stm32f10x_flash.o(i.FLASH_ErasePage) for FLASH_ErasePage
    stmflash.o(i.STMFLASH_Write) refers to stmflash.o(i.STMFLASH_Write_NoCheck) for STMFLASH_Write_NoCheck
    stmflash.o(i.STMFLASH_Write) refers to stm32f10x_flash.o(i.FLASH_Lock) for FLASH_Lock
    stmflash.o(i.STMFLASH_Write) refers to stmflash.o(.bss) for STMFLASH_BUF
    stmflash.o(i.STMFLASH_Write_NoCheck) refers to stm32f10x_flash.o(i.FLASH_ProgramHalfWord) for FLASH_ProgramHalfWord
    stmflash.o(i.Test_Write) refers to stmflash.o(i.STMFLASH_Write) for STMFLASH_Write
    key.o(i.Get_Key) refers to stm32f10x_gpio.o(i.GPIO_ReadInputDataBit) for GPIO_ReadInputDataBit
    key.o(i.Key_Init) refers to stm32f10x_rcc.o(i.RCC_APB2PeriphClockCmd) for RCC_APB2PeriphClockCmd
    key.o(i.Key_Init) refers to stm32f10x_gpio.o(i.GPIO_Init) for GPIO_Init
    key.o(i.Key_Scan) refers to key.o(i.Get_Key) for Get_Key
    key.o(i.Key_Scan) refers to key.o(.data) for Key_State
    74hc595.o(i.SetHCMode) refers to 74hc595.o(.data) for hc595data
    74hc595.o(i.hc595_display) refers to 74hc595.o(i.hc595_write_byte) for hc595_write_byte
    74hc595.o(i.hc595_display) refers to 74hc595.o(i.hc595_latch) for hc595_latch
    74hc595.o(i.hc595_display) refers to 74hc595.o(.data) for seg_table_n
    74hc595.o(i.hc595_init) refers to stm32f10x_rcc.o(i.RCC_APB2PeriphClockCmd) for RCC_APB2PeriphClockCmd
    74hc595.o(i.hc595_init) refers to stm32f10x_gpio.o(i.GPIO_Init) for GPIO_Init
    74hc595.o(i.hc595_init) refers to stm32f10x_gpio.o(i.GPIO_ResetBits) for GPIO_ResetBits
    74hc595.o(i.hc595_latch) refers to stm32f10x_gpio.o(i.GPIO_ResetBits) for GPIO_ResetBits
    74hc595.o(i.hc595_latch) refers to stm32f10x_gpio.o(i.GPIO_SetBits) for GPIO_SetBits
    74hc595.o(i.hc595_write_byte) refers to stm32f10x_gpio.o(i.GPIO_ResetBits) for GPIO_ResetBits
    74hc595.o(i.hc595_write_byte) refers to stm32f10x_gpio.o(i.GPIO_SetBits) for GPIO_SetBits
    74hc595.o(i.setMainMode) refers to 74hc595.o(.data) for hc595data
    74hc595.o(i.setMainValue) refers to 74hc595.o(.data) for hc595data
    74hc595.o(i.setOpenclose) refers to 74hc595.o(.data) for hc595data
    remote.o(i.Remote_Init) refers to stm32f10x_rcc.o(i.RCC_APB2PeriphClockCmd) for RCC_APB2PeriphClockCmd
    remote.o(i.Remote_Init) refers to stm32f10x_rcc.o(i.RCC_APB1PeriphClockCmd) for RCC_APB1PeriphClockCmd
    remote.o(i.Remote_Init) refers to stm32f10x_gpio.o(i.GPIO_Init) for GPIO_Init
    remote.o(i.Remote_Init) refers to stm32f10x_gpio.o(i.GPIO_SetBits) for GPIO_SetBits
    remote.o(i.Remote_Init) refers to stm32f10x_tim.o(i.TIM_TimeBaseInit) for TIM_TimeBaseInit
    remote.o(i.Remote_Init) refers to stm32f10x_tim.o(i.TIM_ICInit) for TIM_ICInit
    remote.o(i.Remote_Init) refers to stm32f10x_tim.o(i.TIM_Cmd) for TIM_Cmd
    remote.o(i.Remote_Init) refers to misc.o(i.NVIC_Init) for NVIC_Init
    remote.o(i.Remote_Init) refers to stm32f10x_tim.o(i.TIM_ITConfig) for TIM_ITConfig
    remote.o(i.Remote_Scan) refers to remote.o(.data) for RmtSta
    remote.o(i.Remote_check) refers to remote.o(i.Remote_Scan) for Remote_Scan
    remote.o(i.Remote_check) refers to remote.o(.data) for str
    remote.o(i.TIM2_IRQHandler) refers to stm32f10x_tim.o(i.TIM_GetITStatus) for TIM_GetITStatus
    remote.o(i.TIM2_IRQHandler) refers to stm32f10x_tim.o(i.TIM_ClearFlag) for TIM_ClearFlag
    remote.o(i.TIM2_IRQHandler) refers to stm32f10x_tim.o(i.TIM_GetCapture2) for TIM_GetCapture2
    remote.o(i.TIM2_IRQHandler) refers to stm32f10x_gpio.o(i.GPIO_ReadInputDataBit) for GPIO_ReadInputDataBit
    remote.o(i.TIM2_IRQHandler) refers to remote.o(.data) for IR_Up
    remote.o(i.TIM5_IRQHandler) refers to stm32f10x_tim.o(i.TIM_GetITStatus) for TIM_GetITStatus
    remote.o(i.TIM5_IRQHandler) refers to stm32f10x_tim.o(i.TIM_OC2PolarityConfig) for TIM_OC2PolarityConfig
    remote.o(i.TIM5_IRQHandler) refers to stm32f10x_tim.o(i.TIM_SetCounter) for TIM_SetCounter
    remote.o(i.TIM5_IRQHandler) refers to stm32f10x_tim.o(i.TIM_GetCapture2) for TIM_GetCapture2
    remote.o(i.TIM5_IRQHandler) refers to stm32f10x_tim.o(i.TIM_ClearFlag) for TIM_ClearFlag
    remote.o(i.TIM5_IRQHandler) refers to remote.o(.data) for RmtSta
    iwdg.o(i.Init_IWDG) refers to stm32f10x_iwdg.o(i.IWDG_WriteAccessCmd) for IWDG_WriteAccessCmd
    iwdg.o(i.Init_IWDG) refers to stm32f10x_iwdg.o(i.IWDG_SetPrescaler) for IWDG_SetPrescaler
    iwdg.o(i.Init_IWDG) refers to stm32f10x_iwdg.o(i.IWDG_SetReload) for IWDG_SetReload
    iwdg.o(i.Init_IWDG) refers to stm32f10x_iwdg.o(i.IWDG_ReloadCounter) for IWDG_ReloadCounter
    iwdg.o(i.Init_IWDG) refers to stm32f10x_iwdg.o(i.IWDG_Enable) for IWDG_Enable
    led.o(i.Led1_Init) refers to stm32f10x_rcc.o(i.RCC_APB2PeriphClockCmd) for RCC_APB2PeriphClockCmd
    led.o(i.Led1_Init) refers to stm32f10x_gpio.o(i.GPIO_Init) for GPIO_Init
    led.o(i.Led1_Off) refers to stm32f10x_gpio.o(i.GPIO_ResetBits) for GPIO_ResetBits
    led.o(i.Led1_On) refers to stm32f10x_gpio.o(i.GPIO_SetBits) for GPIO_SetBits
    led.o(i.Led2_Init) refers to stm32f10x_rcc.o(i.RCC_APB2PeriphClockCmd) for RCC_APB2PeriphClockCmd
    led.o(i.Led2_Init) refers to stm32f10x_gpio.o(i.GPIO_Init) for GPIO_Init
    led.o(i.Led2_Off) refers to stm32f10x_gpio.o(i.GPIO_ResetBits) for GPIO_ResetBits
    led.o(i.Led2_On) refers to stm32f10x_gpio.o(i.GPIO_SetBits) for GPIO_SetBits
    led.o(i.Led3_Init) refers to stm32f10x_rcc.o(i.RCC_APB2PeriphClockCmd) for RCC_APB2PeriphClockCmd
    led.o(i.Led3_Init) refers to stm32f10x_gpio.o(i.GPIO_Init) for GPIO_Init
    led.o(i.Led3_Off) refers to stm32f10x_gpio.o(i.GPIO_ResetBits) for GPIO_ResetBits
    led.o(i.Led3_On) refers to stm32f10x_gpio.o(i.GPIO_SetBits) for GPIO_SetBits
    led.o(i.Led4_Init) refers to stm32f10x_rcc.o(i.RCC_APB2PeriphClockCmd) for RCC_APB2PeriphClockCmd
    led.o(i.Led4_Init) refers to stm32f10x_gpio.o(i.GPIO_Init) for GPIO_Init
    led.o(i.Led4_Off) refers to stm32f10x_gpio.o(i.GPIO_ResetBits) for GPIO_ResetBits
    led.o(i.Led4_On) refers to stm32f10x_gpio.o(i.GPIO_SetBits) for GPIO_SetBits
    led.o(i.Led_Contr) refers to led.o(i.Led4_On) for Led4_On
    led.o(i.Led_Contr) refers to led.o(i.Led4_Off) for Led4_Off
    led.o(i.Led_Contr) refers to led.o(i.Led2_On) for Led2_On
    led.o(i.Led_Contr) refers to led.o(i.Led2_Off) for Led2_Off
    led.o(i.Led_Contr) refers to led.o(i.Led3_On) for Led3_On
    led.o(i.Led_Contr) refers to led.o(i.Led3_Off) for Led3_Off
    led.o(i.Led_Init) refers to led.o(i.Led1_Init) for Led1_Init
    led.o(i.Led_Init) refers to led.o(i.Led2_Init) for Led2_Init
    led.o(i.Led_Init) refers to led.o(i.Led3_Init) for Led3_Init
    led.o(i.Led_Init) refers to led.o(i.Led4_Init) for Led4_Init
    task.o(i.Getdatatask) refers to rstring.o(i.RMLStrcmp) for RMLStrcmp
    task.o(i.Getdatatask) refers to systest.o(.bss) for SysTest_RcvData
    task.o(i.MainKeytask) refers to rtime.o(i.Timer_GetElapse) for Timer_GetElapse
    task.o(i.MainKeytask) refers to key.o(i.Key_Scan) for Key_Scan
    task.o(i.MainKeytask) refers to task.o(i.KeyAction) for KeyAction
    task.o(i.MainKeytask) refers to rtime.o(i.Timer_Reset) for Timer_Reset
    task.o(i.MainKeytask) refers to task.o(.data) for KEY_Tim
    task.o(i.SetValueEn) refers to 5110lcd.o(i.LCD_WriteString_en) for LCD_WriteString_en
    task.o(.data) refers to task.o(.conststring) for .conststring
    lcd.o(i.LcdMainInit) refers to 5110lcd.o(i.GPIO_Configuration_LCD) for GPIO_Configuration_LCD
    lcd.o(i.LcdMainInit) refers to 5110lcd.o(i.LCD_Init) for LCD_Init
    lcd.o(i.LcdMainInit) refers to 5110lcd.o(i.LCD_Clear) for LCD_Clear
    lcd.o(i.LcdMainInit) refers to 5110lcd.o(i.LCD_Write_cn) for LCD_Write_cn
    stm32f10x_it.o(i.UART4_IRQHandler) refers to stm32f10x_usart.o(i.USART_GetFlagStatus) for USART_GetFlagStatus
    stm32f10x_it.o(i.UART4_IRQHandler) refers to stm32f10x_usart.o(i.USART_ReceiveData) for USART_ReceiveData
    stm32f10x_it.o(i.UART4_IRQHandler) refers to stm32f10x_usart.o(i.USART_ClearFlag) for USART_ClearFlag
    stm32f10x_it.o(i.UART5_IRQHandler) refers to stm32f10x_usart.o(i.USART_GetFlagStatus) for USART_GetFlagStatus
    stm32f10x_it.o(i.UART5_IRQHandler) refers to stm32f10x_usart.o(i.USART_ReceiveData) for USART_ReceiveData
    stm32f10x_it.o(i.UART5_IRQHandler) refers to stm32f10x_usart.o(i.USART_ClearFlag) for USART_ClearFlag
    stm32f10x_it.o(i.USART1_IRQHandler) refers to stm32f10x_usart.o(i.USART_GetITStatus) for USART_GetITStatus
    stm32f10x_it.o(i.USART1_IRQHandler) refers to stm32f10x_usart.o(i.USART_ReceiveData) for USART_ReceiveData
    stm32f10x_it.o(i.USART1_IRQHandler) refers to stm32f10x_usart.o(i.USART_ClearFlag) for USART_ClearFlag
    stm32f10x_it.o(i.USART2_IRQHandler) refers to stm32f10x_usart.o(i.USART_GetITStatus) for USART_GetITStatus
    stm32f10x_it.o(i.USART2_IRQHandler) refers to stm32f10x_usart.o(i.USART_ReceiveData) for USART_ReceiveData
    stm32f10x_it.o(i.USART2_IRQHandler) refers to systest.o(i.SysTest_GetUartData) for SysTest_GetUartData
    stm32f10x_it.o(i.USART2_IRQHandler) refers to stm32f10x_usart.o(i.USART_ClearFlag) for USART_ClearFlag
    stm32f10x_it.o(i.USART3_IRQHandler) refers to stm32f10x_usart.o(i.USART_GetFlagStatus) for USART_GetFlagStatus
    stm32f10x_it.o(i.USART3_IRQHandler) refers to stm32f10x_usart.o(i.USART_ReceiveData) for USART_ReceiveData
    stm32f10x_it.o(i.USART3_IRQHandler) refers to stm32f10x_usart.o(i.USART_ClearFlag) for USART_ClearFlag
    main.o(i.main) refers to bsp.o(i.BSP_Init) for BSP_Init
    main.o(i.main) refers to task.o(i.MainKeytask) for MainKeytask
    main.o(i.main) refers to task.o(i.Getdatatask) for Getdatatask
    main.o(i.main) refers to lcd.o(i.LcdDislayTask) for LcdDislayTask
    entry.o(.ARM.Collect$$$$00000000) refers (Special) to entry10a.o(.ARM.Collect$$$$0000000D) for __rt_final_cpp
    entry.o(.ARM.Collect$$$$00000000) refers (Special) to entry11a.o(.ARM.Collect$$$$0000000F) for __rt_final_exit
    entry.o(.ARM.Collect$$$$00000000) refers (Special) to entry7b.o(.ARM.Collect$$$$00000008) for _main_clock
    entry.o(.ARM.Collect$$$$00000000) refers (Special) to entry8b.o(.ARM.Collect$$$$0000000A) for _main_cpp_init
    entry.o(.ARM.Collect$$$$00000000) refers (Special) to entry9a.o(.ARM.Collect$$$$0000000B) for _main_init
    entry.o(.ARM.Collect$$$$00000000) refers (Special) to entry5.o(.ARM.Collect$$$$00000004) for _main_scatterload
    entry.o(.ARM.Collect$$$$00000000) refers (Special) to entry2.o(.ARM.Collect$$$$00000001) for _main_stk
    entry2.o(.ARM.Collect$$$$00000001) refers to entry2.o(.ARM.Collect$$$$00002712) for __lit__00000000
    entry2.o(.ARM.Collect$$$$00002712) refers to startup_stm32f10x_hd.o(STACK) for __initial_sp
    entry2.o(__vectab_stack_and_reset_area) refers to startup_stm32f10x_hd.o(STACK) for __initial_sp
    entry2.o(__vectab_stack_and_reset_area) refers to entry.o(.ARM.Collect$$$$00000000) for __main
    entry5.o(.ARM.Collect$$$$00000004) refers to init.o(.text) for __scatterload
    entry9a.o(.ARM.Collect$$$$0000000B) refers to main.o(i.main) for main
    entry9b.o(.ARM.Collect$$$$0000000C) refers to main.o(i.main) for main
    init.o(.text) refers to entry5.o(.ARM.Collect$$$$00000004) for __main_after_scatterload


==============================================================================

Removing Unused input sections from the image.

    Removing startup_stm32f10x_hd.o(HEAP), (512 bytes).
    Removing core_cm3.o(.emb_text), (32 bytes).
    Removing system_stm32f10x.o(i.SystemCoreClockUpdate), (164 bytes).
    Removing system_stm32f10x.o(.data), (20 bytes).
    Removing misc.o(i.NVIC_SetVectorTable), (20 bytes).
    Removing misc.o(i.NVIC_SystemLPConfig), (32 bytes).
    Removing misc.o(i.SysTick_CLKSourceConfig), (40 bytes).
    Removing stm32f10x_gpio.o(i.GPIO_AFIODeInit), (20 bytes).
    Removing stm32f10x_gpio.o(i.GPIO_DeInit), (200 bytes).
    Removing stm32f10x_gpio.o(i.GPIO_ETH_MediaInterfaceConfig), (12 bytes).
    Removing stm32f10x_gpio.o(i.GPIO_EXTILineConfig), (64 bytes).
    Removing stm32f10x_gpio.o(i.GPIO_EventOutputCmd), (12 bytes).
    Removing stm32f10x_gpio.o(i.GPIO_EventOutputConfig), (32 bytes).
    Removing stm32f10x_gpio.o(i.GPIO_PinLockConfig), (18 bytes).
    Removing stm32f10x_gpio.o(i.GPIO_PinRemapConfig), (144 bytes).
    Removing stm32f10x_gpio.o(i.GPIO_ReadInputData), (8 bytes).
    Removing stm32f10x_gpio.o(i.GPIO_ReadOutputData), (8 bytes).
    Removing stm32f10x_gpio.o(i.GPIO_ReadOutputDataBit), (18 bytes).
    Removing stm32f10x_gpio.o(i.GPIO_StructInit), (16 bytes).
    Removing stm32f10x_gpio.o(i.GPIO_Write), (4 bytes).
    Removing stm32f10x_gpio.o(i.GPIO_WriteBit), (10 bytes).
    Removing stm32f10x_iwdg.o(i.IWDG_Enable), (16 bytes).
    Removing stm32f10x_iwdg.o(i.IWDG_GetFlagStatus), (24 bytes).
    Removing stm32f10x_iwdg.o(i.IWDG_ReloadCounter), (16 bytes).
    Removing stm32f10x_iwdg.o(i.IWDG_SetPrescaler), (12 bytes).
    Removing stm32f10x_iwdg.o(i.IWDG_SetReload), (12 bytes).
    Removing stm32f10x_iwdg.o(i.IWDG_WriteAccessCmd), (12 bytes).
    Removing stm32f10x_rcc.o(i.RCC_ADCCLKConfig), (24 bytes).
    Removing stm32f10x_rcc.o(i.RCC_AHBPeriphClockCmd), (32 bytes).
    Removing stm32f10x_rcc.o(i.RCC_APB1PeriphResetCmd), (32 bytes).
    Removing stm32f10x_rcc.o(i.RCC_APB2PeriphResetCmd), (32 bytes).
    Removing stm32f10x_rcc.o(i.RCC_AdjustHSICalibrationValue), (24 bytes).
    Removing stm32f10x_rcc.o(i.RCC_BackupResetCmd), (12 bytes).
    Removing stm32f10x_rcc.o(i.RCC_ClearFlag), (20 bytes).
    Removing stm32f10x_rcc.o(i.RCC_ClearITPendingBit), (12 bytes).
    Removing stm32f10x_rcc.o(i.RCC_ClockSecuritySystemCmd), (12 bytes).
    Removing stm32f10x_rcc.o(i.RCC_DeInit), (76 bytes).
    Removing stm32f10x_rcc.o(i.RCC_GetFlagStatus), (60 bytes).
    Removing stm32f10x_rcc.o(i.RCC_GetITStatus), (24 bytes).
    Removing stm32f10x_rcc.o(i.RCC_GetSYSCLKSource), (16 bytes).
    Removing stm32f10x_rcc.o(i.RCC_HCLKConfig), (24 bytes).
    Removing stm32f10x_rcc.o(i.RCC_HSEConfig), (76 bytes).
    Removing stm32f10x_rcc.o(i.RCC_HSICmd), (12 bytes).
    Removing stm32f10x_rcc.o(i.RCC_ITConfig), (32 bytes).
    Removing stm32f10x_rcc.o(i.RCC_LSEConfig), (52 bytes).
    Removing stm32f10x_rcc.o(i.RCC_LSICmd), (12 bytes).
    Removing stm32f10x_rcc.o(i.RCC_MCOConfig), (12 bytes).
    Removing stm32f10x_rcc.o(i.RCC_PCLK1Config), (24 bytes).
    Removing stm32f10x_rcc.o(i.RCC_PCLK2Config), (24 bytes).
    Removing stm32f10x_rcc.o(i.RCC_PLLCmd), (12 bytes).
    Removing stm32f10x_rcc.o(i.RCC_PLLConfig), (28 bytes).
    Removing stm32f10x_rcc.o(i.RCC_RTCCLKCmd), (12 bytes).
    Removing stm32f10x_rcc.o(i.RCC_RTCCLKConfig), (16 bytes).
    Removing stm32f10x_rcc.o(i.RCC_SYSCLKConfig), (24 bytes).
    Removing stm32f10x_rcc.o(i.RCC_USBCLKConfig), (12 bytes).
    Removing stm32f10x_rcc.o(i.RCC_WaitForHSEStartUp), (56 bytes).
    Removing stm32f10x_usart.o(i.USART_ClearITPendingBit), (30 bytes).
    Removing stm32f10x_usart.o(i.USART_ClockInit), (34 bytes).
    Removing stm32f10x_usart.o(i.USART_ClockStructInit), (12 bytes).
    Removing stm32f10x_usart.o(i.USART_DMACmd), (18 bytes).
    Removing stm32f10x_usart.o(i.USART_DeInit), (156 bytes).
    Removing stm32f10x_usart.o(i.USART_HalfDuplexCmd), (24 bytes).
    Removing stm32f10x_usart.o(i.USART_IrDACmd), (24 bytes).
    Removing stm32f10x_usart.o(i.USART_IrDAConfig), (18 bytes).
    Removing stm32f10x_usart.o(i.USART_LINBreakDetectLengthConfig), (18 bytes).
    Removing stm32f10x_usart.o(i.USART_LINCmd), (24 bytes).
    Removing stm32f10x_usart.o(i.USART_OneBitMethodCmd), (24 bytes).
    Removing stm32f10x_usart.o(i.USART_OverSampling8Cmd), (22 bytes).
    Removing stm32f10x_usart.o(i.USART_ReceiverWakeUpCmd), (24 bytes).
    Removing stm32f10x_usart.o(i.USART_SendBreak), (10 bytes).
    Removing stm32f10x_usart.o(i.USART_SendData), (8 bytes).
    Removing stm32f10x_usart.o(i.USART_SetAddress), (18 bytes).
    Removing stm32f10x_usart.o(i.USART_SetGuardTime), (16 bytes).
    Removing stm32f10x_usart.o(i.USART_SetPrescaler), (16 bytes).
    Removing stm32f10x_usart.o(i.USART_SmartCardCmd), (24 bytes).
    Removing stm32f10x_usart.o(i.USART_SmartCardNACKCmd), (24 bytes).
    Removing stm32f10x_usart.o(i.USART_StructInit), (24 bytes).
    Removing stm32f10x_usart.o(i.USART_WakeUpConfig), (18 bytes).
    Removing stm32f10x_tim.o(i.TI1_Config), (56 bytes).
    Removing stm32f10x_tim.o(i.TI2_Config), (80 bytes).
    Removing stm32f10x_tim.o(i.TI3_Config), (72 bytes).
    Removing stm32f10x_tim.o(i.TI4_Config), (80 bytes).
    Removing stm32f10x_tim.o(i.TIM_ARRPreloadConfig), (24 bytes).
    Removing stm32f10x_tim.o(i.TIM_BDTRConfig), (32 bytes).
    Removing stm32f10x_tim.o(i.TIM_BDTRStructInit), (18 bytes).
    Removing stm32f10x_tim.o(i.TIM_CCPreloadControl), (24 bytes).
    Removing stm32f10x_tim.o(i.TIM_CCxCmd), (30 bytes).
    Removing stm32f10x_tim.o(i.TIM_CCxNCmd), (30 bytes).
    Removing stm32f10x_tim.o(i.TIM_ClearITPendingBit), (6 bytes).
    Removing stm32f10x_tim.o(i.TIM_ClearOC1Ref), (18 bytes).
    Removing stm32f10x_tim.o(i.TIM_ClearOC2Ref), (24 bytes).
    Removing stm32f10x_tim.o(i.TIM_ClearOC3Ref), (18 bytes).
    Removing stm32f10x_tim.o(i.TIM_ClearOC4Ref), (24 bytes).
    Removing stm32f10x_tim.o(i.TIM_Cmd), (24 bytes).
    Removing stm32f10x_tim.o(i.TIM_CounterModeConfig), (18 bytes).
    Removing stm32f10x_tim.o(i.TIM_CtrlPWMOutputs), (30 bytes).
    Removing stm32f10x_tim.o(i.TIM_DMACmd), (18 bytes).
    Removing stm32f10x_tim.o(i.TIM_DMAConfig), (10 bytes).
    Removing stm32f10x_tim.o(i.TIM_DeInit), (488 bytes).
    Removing stm32f10x_tim.o(i.TIM_ETRClockMode1Config), (54 bytes).
    Removing stm32f10x_tim.o(i.TIM_ETRClockMode2Config), (32 bytes).
    Removing stm32f10x_tim.o(i.TIM_ETRConfig), (28 bytes).
    Removing stm32f10x_tim.o(i.TIM_EncoderInterfaceConfig), (66 bytes).
    Removing stm32f10x_tim.o(i.TIM_ForcedOC1Config), (18 bytes).
    Removing stm32f10x_tim.o(i.TIM_ForcedOC2Config), (26 bytes).
    Removing stm32f10x_tim.o(i.TIM_ForcedOC3Config), (18 bytes).
    Removing stm32f10x_tim.o(i.TIM_ForcedOC4Config), (26 bytes).
    Removing stm32f10x_tim.o(i.TIM_GenerateEvent), (4 bytes).
    Removing stm32f10x_tim.o(i.TIM_GetCapture1), (6 bytes).
    Removing stm32f10x_tim.o(i.TIM_GetCapture3), (6 bytes).
    Removing stm32f10x_tim.o(i.TIM_GetCapture4), (8 bytes).
    Removing stm32f10x_tim.o(i.TIM_GetCounter), (6 bytes).
    Removing stm32f10x_tim.o(i.TIM_GetFlagStatus), (18 bytes).
    Removing stm32f10x_tim.o(i.TIM_GetPrescaler), (6 bytes).
    Removing stm32f10x_tim.o(i.TIM_ICInit), (110 bytes).
    Removing stm32f10x_tim.o(i.TIM_ICStructInit), (18 bytes).
    Removing stm32f10x_tim.o(i.TIM_ITConfig), (18 bytes).
    Removing stm32f10x_tim.o(i.TIM_ITRxExternalClockConfig), (24 bytes).
    Removing stm32f10x_tim.o(i.TIM_InternalClockConfig), (12 bytes).
    Removing stm32f10x_tim.o(i.TIM_OC1FastConfig), (18 bytes).
    Removing stm32f10x_tim.o(i.TIM_OC1Init), (152 bytes).
    Removing stm32f10x_tim.o(i.TIM_OC1NPolarityConfig), (18 bytes).
    Removing stm32f10x_tim.o(i.TIM_OC1PolarityConfig), (18 bytes).
    Removing stm32f10x_tim.o(i.TIM_OC1PreloadConfig), (18 bytes).
    Removing stm32f10x_tim.o(i.TIM_OC2FastConfig), (26 bytes).
    Removing stm32f10x_tim.o(i.TIM_OC2Init), (164 bytes).
    Removing stm32f10x_tim.o(i.TIM_OC2NPolarityConfig), (26 bytes).
    Removing stm32f10x_tim.o(i.TIM_OC2PreloadConfig), (26 bytes).
    Removing stm32f10x_tim.o(i.TIM_OC3FastConfig), (18 bytes).
    Removing stm32f10x_tim.o(i.TIM_OC3Init), (160 bytes).
    Removing stm32f10x_tim.o(i.TIM_OC3NPolarityConfig), (26 bytes).
    Removing stm32f10x_tim.o(i.TIM_OC3PolarityConfig), (26 bytes).
    Removing stm32f10x_tim.o(i.TIM_OC3PreloadConfig), (18 bytes).
    Removing stm32f10x_tim.o(i.TIM_OC4FastConfig), (26 bytes).
    Removing stm32f10x_tim.o(i.TIM_OC4Init), (124 bytes).
    Removing stm32f10x_tim.o(i.TIM_OC4PolarityConfig), (26 bytes).
    Removing stm32f10x_tim.o(i.TIM_OC4PreloadConfig), (26 bytes).
    Removing stm32f10x_tim.o(i.TIM_OCStructInit), (20 bytes).
    Removing stm32f10x_tim.o(i.TIM_PWMIConfig), (124 bytes).
    Removing stm32f10x_tim.o(i.TIM_PrescalerConfig), (6 bytes).
    Removing stm32f10x_tim.o(i.TIM_SelectCCDMA), (24 bytes).
    Removing stm32f10x_tim.o(i.TIM_SelectCOM), (24 bytes).
    Removing stm32f10x_tim.o(i.TIM_SelectHallSensor), (24 bytes).
    Removing stm32f10x_tim.o(i.TIM_SelectInputTrigger), (18 bytes).
    Removing stm32f10x_tim.o(i.TIM_SelectMasterSlaveMode), (18 bytes).
    Removing stm32f10x_tim.o(i.TIM_SelectOCxM), (82 bytes).
    Removing stm32f10x_tim.o(i.TIM_SelectOnePulseMode), (18 bytes).
    Removing stm32f10x_tim.o(i.TIM_SelectOutputTrigger), (18 bytes).
    Removing stm32f10x_tim.o(i.TIM_SelectSlaveMode), (18 bytes).
    Removing stm32f10x_tim.o(i.TIM_SetAutoreload), (4 bytes).
    Removing stm32f10x_tim.o(i.TIM_SetClockDivision), (18 bytes).
    Removing stm32f10x_tim.o(i.TIM_SetCompare1), (4 bytes).
    Removing stm32f10x_tim.o(i.TIM_SetCompare2), (4 bytes).
    Removing stm32f10x_tim.o(i.TIM_SetCompare3), (4 bytes).
    Removing stm32f10x_tim.o(i.TIM_SetCompare4), (6 bytes).
    Removing stm32f10x_tim.o(i.TIM_SetIC1Prescaler), (18 bytes).
    Removing stm32f10x_tim.o(i.TIM_SetIC2Prescaler), (26 bytes).
    Removing stm32f10x_tim.o(i.TIM_SetIC3Prescaler), (18 bytes).
    Removing stm32f10x_tim.o(i.TIM_SetIC4Prescaler), (26 bytes).
    Removing stm32f10x_tim.o(i.TIM_TIxExternalClockConfig), (62 bytes).
    Removing stm32f10x_tim.o(i.TIM_TimeBaseInit), (164 bytes).
    Removing stm32f10x_tim.o(i.TIM_TimeBaseStructInit), (18 bytes).
    Removing stm32f10x_tim.o(i.TIM_UpdateDisableConfig), (24 bytes).
    Removing stm32f10x_tim.o(i.TIM_UpdateRequestConfig), (24 bytes).
    Removing stm32f10x_flash.o(i.FLASH_ClearFlag), (12 bytes).
    Removing stm32f10x_flash.o(i.FLASH_EnableWriteProtection), (196 bytes).
    Removing stm32f10x_flash.o(i.FLASH_EraseAllBank1Pages), (76 bytes).
    Removing stm32f10x_flash.o(i.FLASH_EraseAllPages), (76 bytes).
    Removing stm32f10x_flash.o(i.FLASH_EraseOptionBytes), (168 bytes).
    Removing stm32f10x_flash.o(i.FLASH_ErasePage), (80 bytes).
    Removing stm32f10x_flash.o(i.FLASH_GetBank1Status), (52 bytes).
    Removing stm32f10x_flash.o(i.FLASH_GetFlagStatus), (48 bytes).
    Removing stm32f10x_flash.o(i.FLASH_GetPrefetchBufferStatus), (24 bytes).
    Removing stm32f10x_flash.o(i.FLASH_GetReadOutProtectionStatus), (24 bytes).
    Removing stm32f10x_flash.o(i.FLASH_GetStatus), (52 bytes).
    Removing stm32f10x_flash.o(i.FLASH_GetUserOptionByte), (12 bytes).
    Removing stm32f10x_flash.o(i.FLASH_GetWriteProtectionOptionByte), (12 bytes).
    Removing stm32f10x_flash.o(i.FLASH_HalfCycleAccessCmd), (28 bytes).
    Removing stm32f10x_flash.o(i.FLASH_ITConfig), (32 bytes).
    Removing stm32f10x_flash.o(i.FLASH_Lock), (20 bytes).
    Removing stm32f10x_flash.o(i.FLASH_LockBank1), (20 bytes).
    Removing stm32f10x_flash.o(i.FLASH_PrefetchBufferCmd), (28 bytes).
    Removing stm32f10x_flash.o(i.FLASH_ProgramHalfWord), (68 bytes).
    Removing stm32f10x_flash.o(i.FLASH_ProgramOptionByteData), (84 bytes).
    Removing stm32f10x_flash.o(i.FLASH_ProgramWord), (116 bytes).
    Removing stm32f10x_flash.o(i.FLASH_ReadOutProtection), (172 bytes).
    Removing stm32f10x_flash.o(i.FLASH_SetLatency), (24 bytes).
    Removing stm32f10x_flash.o(i.FLASH_Unlock), (24 bytes).
    Removing stm32f10x_flash.o(i.FLASH_UnlockBank1), (24 bytes).
    Removing stm32f10x_flash.o(i.FLASH_UserOptionByteConfig), (104 bytes).
    Removing stm32f10x_flash.o(i.FLASH_WaitForLastBank1Operation), (38 bytes).
    Removing stm32f10x_flash.o(i.FLASH_WaitForLastOperation), (38 bytes).
    Removing stm32f10x_pwr.o(i.PWR_BackupAccessCmd), (12 bytes).
    Removing stm32f10x_pwr.o(i.PWR_ClearFlag), (20 bytes).
    Removing stm32f10x_pwr.o(i.PWR_DeInit), (22 bytes).
    Removing stm32f10x_pwr.o(i.PWR_EnterSTANDBYMode), (52 bytes).
    Removing stm32f10x_pwr.o(i.PWR_EnterSTOPMode), (64 bytes).
    Removing stm32f10x_pwr.o(i.PWR_GetFlagStatus), (24 bytes).
    Removing stm32f10x_pwr.o(i.PWR_PVDCmd), (12 bytes).
    Removing stm32f10x_pwr.o(i.PWR_PVDLevelConfig), (24 bytes).
    Removing stm32f10x_pwr.o(i.PWR_WakeUpPinCmd), (12 bytes).
    Removing stm32f10x_adc.o(i.ADC_AnalogWatchdogCmd), (20 bytes).
    Removing stm32f10x_adc.o(i.ADC_AnalogWatchdogSingleChannelConfig), (16 bytes).
    Removing stm32f10x_adc.o(i.ADC_AnalogWatchdogThresholdsConfig), (6 bytes).
    Removing stm32f10x_adc.o(i.ADC_AutoInjectedConvCmd), (22 bytes).
    Removing stm32f10x_adc.o(i.ADC_ClearFlag), (6 bytes).
    Removing stm32f10x_adc.o(i.ADC_ClearITPendingBit), (10 bytes).
    Removing stm32f10x_adc.o(i.ADC_Cmd), (22 bytes).
    Removing stm32f10x_adc.o(i.ADC_DMACmd), (22 bytes).
    Removing stm32f10x_adc.o(i.ADC_DeInit), (92 bytes).
    Removing stm32f10x_adc.o(i.ADC_DiscModeChannelCountConfig), (24 bytes).
    Removing stm32f10x_adc.o(i.ADC_DiscModeCmd), (22 bytes).
    Removing stm32f10x_adc.o(i.ADC_ExternalTrigConvCmd), (22 bytes).
    Removing stm32f10x_adc.o(i.ADC_ExternalTrigInjectedConvCmd), (22 bytes).
    Removing stm32f10x_adc.o(i.ADC_ExternalTrigInjectedConvConfig), (16 bytes).
    Removing stm32f10x_adc.o(i.ADC_GetCalibrationStatus), (20 bytes).
    Removing stm32f10x_adc.o(i.ADC_GetConversionValue), (8 bytes).
    Removing stm32f10x_adc.o(i.ADC_GetDualModeConversionValue), (12 bytes).
    Removing stm32f10x_adc.o(i.ADC_GetFlagStatus), (18 bytes).
    Removing stm32f10x_adc.o(i.ADC_GetITStatus), (36 bytes).
    Removing stm32f10x_adc.o(i.ADC_GetInjectedConversionValue), (28 bytes).
    Removing stm32f10x_adc.o(i.ADC_GetResetCalibrationStatus), (20 bytes).
    Removing stm32f10x_adc.o(i.ADC_GetSoftwareStartConvStatus), (20 bytes).
    Removing stm32f10x_adc.o(i.ADC_GetSoftwareStartInjectedConvCmdStatus), (20 bytes).
    Removing stm32f10x_adc.o(i.ADC_ITConfig), (24 bytes).
    Removing stm32f10x_adc.o(i.ADC_Init), (80 bytes).
    Removing stm32f10x_adc.o(i.ADC_InjectedChannelConfig), (130 bytes).
    Removing stm32f10x_adc.o(i.ADC_InjectedDiscModeCmd), (22 bytes).
    Removing stm32f10x_adc.o(i.ADC_InjectedSequencerLengthConfig), (24 bytes).
    Removing stm32f10x_adc.o(i.ADC_RegularChannelConfig), (184 bytes).
    Removing stm32f10x_adc.o(i.ADC_ResetCalibration), (10 bytes).
    Removing stm32f10x_adc.o(i.ADC_SetInjectedOffset), (20 bytes).
    Removing stm32f10x_adc.o(i.ADC_SoftwareStartConvCmd), (22 bytes).
    Removing stm32f10x_adc.o(i.ADC_SoftwareStartInjectedConvCmd), (22 bytes).
    Removing stm32f10x_adc.o(i.ADC_StartCalibration), (10 bytes).
    Removing stm32f10x_adc.o(i.ADC_StructInit), (18 bytes).
    Removing stm32f10x_adc.o(i.ADC_TempSensorVrefintCmd), (36 bytes).
    Removing stm32f10x_rtc.o(i.RTC_ClearFlag), (16 bytes).
    Removing stm32f10x_rtc.o(i.RTC_ClearITPendingBit), (16 bytes).
    Removing stm32f10x_rtc.o(i.RTC_EnterConfigMode), (20 bytes).
    Removing stm32f10x_rtc.o(i.RTC_ExitConfigMode), (20 bytes).
    Removing stm32f10x_rtc.o(i.RTC_GetCounter), (20 bytes).
    Removing stm32f10x_rtc.o(i.RTC_GetDivider), (24 bytes).
    Removing stm32f10x_rtc.o(i.RTC_GetFlagStatus), (24 bytes).
    Removing stm32f10x_rtc.o(i.RTC_GetITStatus), (36 bytes).
    Removing stm32f10x_rtc.o(i.RTC_ITConfig), (32 bytes).
    Removing stm32f10x_rtc.o(i.RTC_SetAlarm), (28 bytes).
    Removing stm32f10x_rtc.o(i.RTC_SetCounter), (28 bytes).
    Removing stm32f10x_rtc.o(i.RTC_SetPrescaler), (32 bytes).
    Removing stm32f10x_rtc.o(i.RTC_WaitForLastTask), (20 bytes).
    Removing stm32f10x_rtc.o(i.RTC_WaitForSynchro), (36 bytes).
    Removing stm32f10x_bkp.o(i.BKP_ClearFlag), (20 bytes).
    Removing stm32f10x_bkp.o(i.BKP_ClearITPendingBit), (20 bytes).
    Removing stm32f10x_bkp.o(i.BKP_DeInit), (16 bytes).
    Removing stm32f10x_bkp.o(i.BKP_GetFlagStatus), (12 bytes).
    Removing stm32f10x_bkp.o(i.BKP_GetITStatus), (12 bytes).
    Removing stm32f10x_bkp.o(i.BKP_ITConfig), (12 bytes).
    Removing stm32f10x_bkp.o(i.BKP_RTCOutputConfig), (28 bytes).
    Removing stm32f10x_bkp.o(i.BKP_ReadBackupRegister), (28 bytes).
    Removing stm32f10x_bkp.o(i.BKP_SetRTCCalibrationValue), (28 bytes).
    Removing stm32f10x_bkp.o(i.BKP_TamperPinCmd), (12 bytes).
    Removing stm32f10x_bkp.o(i.BKP_TamperPinLevelConfig), (12 bytes).
    Removing stm32f10x_bkp.o(i.BKP_WriteBackupRegister), (28 bytes).
    Removing rdelay.o(i.HXZ_SoftDelay), (12 bytes).
    Removing rtime.o(i.InputCaptureInit), (144 bytes).
    Removing rstring.o(i.ByteToStr), (86 bytes).
    Removing rstring.o(i.CharToStr), (70 bytes).
    Removing rstring.o(i.FindDstInArray), (56 bytes).
    Removing rstring.o(i.HexToStr), (68 bytes).
    Removing rstring.o(i.RHexToStr), (40 bytes).
    Removing rstring.o(i.RIntToStr), (92 bytes).
    Removing rstring.o(i.RMLStrcpy), (22 bytes).
    Removing rstring.o(i.RMemset), (20 bytes).
    Removing rstring.o(i.RStrFind), (38 bytes).
    Removing rstring.o(i.RStrcat), (44 bytes).
    Removing rstring.o(i.RStrncmp), (58 bytes).
    Removing rstring.o(i.RStrncpy), (48 bytes).
    Removing rstring.o(i.float_to_string), (94 bytes).
    Removing rstring.o(.data), (16 bytes).
    Removing rsystem.o(.data), (4 bytes).
    Removing uart.o(i.UART1_Init), (136 bytes).
    Removing uart.o(i.UART3_Init), (124 bytes).
    Removing uart.o(i.UART4_Init), (124 bytes).
    Removing uart.o(i.UART5_Init), (128 bytes).
    Removing uart.o(i.UART_SendDataBlock), (40 bytes).
    Removing systest.o(i.IsSysTestDataRcved), (12 bytes).
    Removing systest.o(i.RcvDataInit), (36 bytes).
    Removing systest.o(i.SysTest_Disable_RcvIT), (16 bytes).
    Removing systest.o(i.SysTest_Putstr), (52 bytes).
    Removing systest.o(i.SysTest_Putstr1), (44 bytes).
    Removing systest.o(i.SysTest_RcvDataInit), (36 bytes).
    Removing systest.o(i.SysTest_SendData), (52 bytes).
    Removing 5110lcd.o(i.LCD_WriteChar), (88 bytes).
    Removing 5110lcd.o(i.LCD_WriteNumber), (128 bytes).
    Removing 5110lcd.o(i.LCD_WriteString_en), (78 bytes).
    Removing 5110lcd.o(.data), (11 bytes).
    Removing stmflash.o(i.STMFLASH_Read), (34 bytes).
    Removing stmflash.o(i.STMFLASH_ReadHalfWord), (6 bytes).
    Removing stmflash.o(i.STMFLASH_Write), (232 bytes).
    Removing stmflash.o(i.STMFLASH_Write_NoCheck), (38 bytes).
    Removing stmflash.o(i.Test_Write), (16 bytes).
    Removing stmflash.o(.bss), (2048 bytes).
    Removing key.o(i.Key_Init), (36 bytes).
    Removing 74hc595.o(i.SetHCMode), (92 bytes).
    Removing 74hc595.o(i.hc595_display), (172 bytes).
    Removing 74hc595.o(i.hc595_init), (132 bytes).
    Removing 74hc595.o(i.hc595_latch), (40 bytes).
    Removing 74hc595.o(i.hc595_write_byte), (76 bytes).
    Removing 74hc595.o(i.setMainMode), (28 bytes).
    Removing 74hc595.o(i.setMainValue), (96 bytes).
    Removing 74hc595.o(i.setOpenclose), (72 bytes).
    Removing 74hc595.o(.data), (34 bytes).
    Removing remote.o(i.Remote_Init), (184 bytes).
    Removing remote.o(i.Remote_Scan), (104 bytes).
    Removing remote.o(i.Remote_check), (424 bytes).
    Removing gpio.o(i.Init_gpio), (2 bytes).
    Removing iwdg.o(i.Init_IWDG), (34 bytes).
    Removing led.o(i.Led1_Off), (16 bytes).
    Removing led.o(i.Led1_On), (16 bytes).
    Removing led.o(i.Led2_Off), (16 bytes).
    Removing led.o(i.Led2_On), (16 bytes).
    Removing led.o(i.Led3_Off), (16 bytes).
    Removing led.o(i.Led3_On), (16 bytes).
    Removing led.o(i.Led4_Off), (16 bytes).
    Removing led.o(i.Led4_On), (16 bytes).
    Removing led.o(i.Led_Contr), (116 bytes).
    Removing task.o(i.SetValueEn), (16 bytes).
    Removing task.o(.bss), (22 bytes).
    Removing task.o(.constdata), (5 bytes).

329 unused section(s) (total 16010 bytes) removed from the image.

==============================================================================

Image Symbol Table

    Local Symbols

    Symbol Name                              Value     Ov Type        Size  Object(Section)

    ../clib/microlib/init/entry.s            0x00000000   Number         0  entry7a.o ABSOLUTE
    ../clib/microlib/init/entry.s            0x00000000   Number         0  entry.o ABSOLUTE
    ../clib/microlib/init/entry.s            0x00000000   Number         0  entry7b.o ABSOLUTE
    ../clib/microlib/init/entry.s            0x00000000   Number         0  entry8a.o ABSOLUTE
    ../clib/microlib/init/entry.s            0x00000000   Number         0  entry11b.o ABSOLUTE
    ../clib/microlib/init/entry.s            0x00000000   Number         0  entry8b.o ABSOLUTE
    ../clib/microlib/init/entry.s            0x00000000   Number         0  entry11a.o ABSOLUTE
    ../clib/microlib/init/entry.s            0x00000000   Number         0  entry9a.o ABSOLUTE
    ../clib/microlib/init/entry.s            0x00000000   Number         0  entry10b.o ABSOLUTE
    ../clib/microlib/init/entry.s            0x00000000   Number         0  entry9b.o ABSOLUTE
    ../clib/microlib/init/entry.s            0x00000000   Number         0  entry10a.o ABSOLUTE
    ../clib/microlib/init/entry.s            0x00000000   Number         0  entry5.o ABSOLUTE
    ../clib/microlib/init/entry.s            0x00000000   Number         0  entry2.o ABSOLUTE
    ../clib/microlib/string/memset.c         0x00000000   Number         0  memseta.o ABSOLUTE
    ..\App\LCD.c                             0x00000000   Number         0  lcd.o ABSOLUTE
    ..\App\MODE.c                            0x00000000   Number         0  mode.o ABSOLUTE
    ..\App\Task\task.c                       0x00000000   Number         0  task.o ABSOLUTE
    ..\App\main.c                            0x00000000   Number         0  main.o ABSOLUTE
    ..\App\stm32f10x_it.c                    0x00000000   Number         0  stm32f10x_it.o ABSOLUTE
    ..\BSP\5110LCD.c                         0x00000000   Number         0  5110lcd.o ABSOLUTE
    ..\BSP\74hc595.c                         0x00000000   Number         0  74hc595.o ABSOLUTE
    ..\BSP\Basic\nvic.c                      0x00000000   Number         0  nvic.o ABSOLUTE
    ..\BSP\Basic\uart.c                      0x00000000   Number         0  uart.o ABSOLUTE
    ..\BSP\GPIO.c                            0x00000000   Number         0  gpio.o ABSOLUTE
    ..\BSP\IWDG\iwdg.c                       0x00000000   Number         0  iwdg.o ABSOLUTE
    ..\BSP\Key\key.c                         0x00000000   Number         0  key.o ABSOLUTE
    ..\BSP\bsp.c                             0x00000000   Number         0  bsp.o ABSOLUTE
    ..\BSP\led.c                             0x00000000   Number         0  led.o ABSOLUTE
    ..\BSP\remote.c                          0x00000000   Number         0  remote.o ABSOLUTE
    ..\BSP\stmflash.c                        0x00000000   Number         0  stmflash.o ABSOLUTE
    ..\BSP\uart\systest.c                    0x00000000   Number         0  systest.o ABSOLUTE
    ..\CMSIS\core_cm3.c                      0x00000000   Number         0  core_cm3.o ABSOLUTE
    ..\CMSIS\startup_stm32f10x_hd.s          0x00000000   Number         0  startup_stm32f10x_hd.o ABSOLUTE
    ..\CMSIS\system_stm32f10x.c              0x00000000   Number         0  system_stm32f10x.o ABSOLUTE
    ..\Kernel\rdelay.c                       0x00000000   Number         0  rdelay.o ABSOLUTE
    ..\Kernel\rstring.c                      0x00000000   Number         0  rstring.o ABSOLUTE
    ..\Kernel\rsystem.c                      0x00000000   Number         0  rsystem.o ABSOLUTE
    ..\Kernel\rtime.c                        0x00000000   Number         0  rtime.o ABSOLUTE
    ..\Library\src\misc.c                    0x00000000   Number         0  misc.o ABSOLUTE
    ..\Library\src\stm32f10x_adc.c           0x00000000   Number         0  stm32f10x_adc.o ABSOLUTE
    ..\Library\src\stm32f10x_bkp.c           0x00000000   Number         0  stm32f10x_bkp.o ABSOLUTE
    ..\Library\src\stm32f10x_flash.c         0x00000000   Number         0  stm32f10x_flash.o ABSOLUTE
    ..\Library\src\stm32f10x_gpio.c          0x00000000   Number         0  stm32f10x_gpio.o ABSOLUTE
    ..\Library\src\stm32f10x_iwdg.c          0x00000000   Number         0  stm32f10x_iwdg.o ABSOLUTE
    ..\Library\src\stm32f10x_pwr.c           0x00000000   Number         0  stm32f10x_pwr.o ABSOLUTE
    ..\Library\src\stm32f10x_rcc.c           0x00000000   Number         0  stm32f10x_rcc.o ABSOLUTE
    ..\Library\src\stm32f10x_rtc.c           0x00000000   Number         0  stm32f10x_rtc.o ABSOLUTE
    ..\Library\src\stm32f10x_tim.c           0x00000000   Number         0  stm32f10x_tim.o ABSOLUTE
    ..\Library\src\stm32f10x_usart.c         0x00000000   Number         0  stm32f10x_usart.o ABSOLUTE
    ..\\CMSIS\\core_cm3.c                    0x00000000   Number         0  core_cm3.o ABSOLUTE
    dc.s                                     0x00000000   Number         0  dc.o ABSOLUTE
    handlers.s                               0x00000000   Number         0  handlers.o ABSOLUTE
    init.s                                   0x00000000   Number         0  init.o ABSOLUTE
    RESET                                    0x08000000   Section      304  startup_stm32f10x_hd.o(RESET)
    .ARM.Collect$$$$00000000                 0x08000130   Section        0  entry.o(.ARM.Collect$$$$00000000)
    .ARM.Collect$$$$00000001                 0x08000130   Section        4  entry2.o(.ARM.Collect$$$$00000001)
    .ARM.Collect$$$$00000004                 0x08000134   Section        4  entry5.o(.ARM.Collect$$$$00000004)
    .ARM.Collect$$$$00000008                 0x08000138   Section        0  entry7b.o(.ARM.Collect$$$$00000008)
    .ARM.Collect$$$$0000000A                 0x08000138   Section        0  entry8b.o(.ARM.Collect$$$$0000000A)
    .ARM.Collect$$$$0000000B                 0x08000138   Section        8  entry9a.o(.ARM.Collect$$$$0000000B)
    .ARM.Collect$$$$0000000D                 0x08000140   Section        0  entry10a.o(.ARM.Collect$$$$0000000D)
    .ARM.Collect$$$$0000000F                 0x08000140   Section        0  entry11a.o(.ARM.Collect$$$$0000000F)
    .ARM.Collect$$$$00002712                 0x08000140   Section        4  entry2.o(.ARM.Collect$$$$00002712)
    __lit__00000000                          0x08000140   Data           4  entry2.o(.ARM.Collect$$$$00002712)
    .text                                    0x08000144   Section       36  startup_stm32f10x_hd.o(.text)
    .text                                    0x08000168   Section       36  init.o(.text)
    i.BSP_Init                               0x0800018c   Section        0  bsp.o(i.BSP_Init)
    i.BusFault_Handler                       0x080001a4   Section        0  stm32f10x_it.o(i.BusFault_Handler)
    i.GPIO_Configuration_LCD                 0x080001a8   Section        0  5110lcd.o(i.GPIO_Configuration_LCD)
    i.GPIO_Init                              0x080001dc   Section        0  stm32f10x_gpio.o(i.GPIO_Init)
    i.GPIO_ReadInputDataBit                  0x080002f2   Section        0  stm32f10x_gpio.o(i.GPIO_ReadInputDataBit)
    i.GPIO_ResetBits                         0x08000304   Section        0  stm32f10x_gpio.o(i.GPIO_ResetBits)
    i.GPIO_SetBits                           0x08000308   Section        0  stm32f10x_gpio.o(i.GPIO_SetBits)
    i.Get_Key                                0x0800030c   Section        0  key.o(i.Get_Key)
    Get_Key                                  0x0800030d   Thumb Code    20  key.o(i.Get_Key)
    i.Getdatatask                            0x08000324   Section        0  task.o(i.Getdatatask)
    i.HardFault_Handler                      0x08000340   Section        0  stm32f10x_it.o(i.HardFault_Handler)
    i.KeyAction                              0x08000344   Section        0  task.o(i.KeyAction)
    i.Key_Scan                               0x08000398   Section        0  key.o(i.Key_Scan)
    i.LCD_Clear                              0x08000440   Section        0  5110lcd.o(i.LCD_Clear)
    i.LCD_Init                               0x0800046c   Section        0  5110lcd.o(i.LCD_Init)
    i.LCD_Set_XY                             0x080004cc   Section        0  5110lcd.o(i.LCD_Set_XY)
    i.LCD_WriteByte                          0x080004fc   Section        0  5110lcd.o(i.LCD_WriteByte)
    i.LCD_Write_cn                           0x08000588   Section        0  5110lcd.o(i.LCD_Write_cn)
    i.LcdDislayTask                          0x080005e8   Section        0  lcd.o(i.LcdDislayTask)
    i.LcdMainInit                            0x080005ea   Section        0  lcd.o(i.LcdMainInit)
    i.Led1_Init                              0x08000640   Section        0  led.o(i.Led1_Init)
    i.Led2_Init                              0x0800066c   Section        0  led.o(i.Led2_Init)
    i.Led3_Init                              0x08000698   Section        0  led.o(i.Led3_Init)
    i.Led4_Init                              0x080006c4   Section        0  led.o(i.Led4_Init)
    i.Led_Init                               0x080006f0   Section        0  led.o(i.Led_Init)
    i.MainKeytask                            0x08000704   Section        0  task.o(i.MainKeytask)
    i.MemManage_Handler                      0x08000730   Section        0  stm32f10x_it.o(i.MemManage_Handler)
    i.NMI_Handler                            0x08000734   Section        0  stm32f10x_it.o(i.NMI_Handler)
    i.NVIC_Configuration                     0x08000738   Section        0  nvic.o(i.NVIC_Configuration)
    i.NVIC_Init                              0x08000780   Section        0  misc.o(i.NVIC_Init)
    i.NVIC_PriorityGroupConfig               0x080007f0   Section        0  misc.o(i.NVIC_PriorityGroupConfig)
    i.RCC_APB1PeriphClockCmd                 0x08000804   Section        0  stm32f10x_rcc.o(i.RCC_APB1PeriphClockCmd)
    i.RCC_APB2PeriphClockCmd                 0x08000824   Section        0  stm32f10x_rcc.o(i.RCC_APB2PeriphClockCmd)
    i.RCC_GetClocksFreq                      0x08000844   Section        0  stm32f10x_rcc.o(i.RCC_GetClocksFreq)
    i.RInit                                  0x08000918   Section        0  rsystem.o(i.RInit)
    i.RMLStrcmp                              0x08000920   Section        0  rstring.o(i.RMLStrcmp)
    i.SetSysClock                            0x08000942   Section        0  system_stm32f10x.o(i.SetSysClock)
    SetSysClock                              0x08000943   Thumb Code     8  system_stm32f10x.o(i.SetSysClock)
    i.SetSysClockTo72                        0x0800094c   Section        0  system_stm32f10x.o(i.SetSysClockTo72)
    SetSysClockTo72                          0x0800094d   Thumb Code   214  system_stm32f10x.o(i.SetSysClockTo72)
    i.SysTest_Bsp_Init                       0x08000a2c   Section        0  systest.o(i.SysTest_Bsp_Init)
    i.SysTest_Enable_RcvIT                   0x08000a38   Section        0  systest.o(i.SysTest_Enable_RcvIT)
    i.SysTest_GetUartData                    0x08000a48   Section        0  systest.o(i.SysTest_GetUartData)
    i.SysTest_UART_Init                      0x08000a8c   Section        0  systest.o(i.SysTest_UART_Init)
    i.SysTick_Handler                        0x08000a98   Section        0  rtime.o(i.SysTick_Handler)
    i.SystemInit                             0x08000ab8   Section        0  system_stm32f10x.o(i.SystemInit)
    i.Systick_Init                           0x08000b0c   Section        0  rtime.o(i.Systick_Init)
    i.TIM2_IRQHandler                        0x08000b54   Section        0  remote.o(i.TIM2_IRQHandler)
    i.TIM5_IRQHandler                        0x08000cdc   Section        0  remote.o(i.TIM5_IRQHandler)
    i.TIM_ClearFlag                          0x08000e74   Section        0  stm32f10x_tim.o(i.TIM_ClearFlag)
    i.TIM_GetCapture2                        0x08000e7a   Section        0  stm32f10x_tim.o(i.TIM_GetCapture2)
    i.TIM_GetITStatus                        0x08000e80   Section        0  stm32f10x_tim.o(i.TIM_GetITStatus)
    i.TIM_OC2PolarityConfig                  0x08000ea2   Section        0  stm32f10x_tim.o(i.TIM_OC2PolarityConfig)
    i.TIM_SetCounter                         0x08000ebc   Section        0  stm32f10x_tim.o(i.TIM_SetCounter)
    i.Timer_Delayms                          0x08000ec0   Section        0  rtime.o(i.Timer_Delayms)
    i.Timer_GetElapse                        0x08000edc   Section        0  rtime.o(i.Timer_GetElapse)
    i.Timer_GetReached                       0x08000ef4   Section        0  rtime.o(i.Timer_GetReached)
    i.Timer_Reset                            0x08000f14   Section        0  rtime.o(i.Timer_Reset)
    i.Timer_Set                              0x08000f20   Section        0  rtime.o(i.Timer_Set)
    i.Timer_TickISR                          0x08000f30   Section        0  rtime.o(i.Timer_TickISR)
    i.UART2_Init                             0x08000f40   Section        0  uart.o(i.UART2_Init)
    i.UART4_IRQHandler                       0x08000fbc   Section        0  stm32f10x_it.o(i.UART4_IRQHandler)
    i.UART5_IRQHandler                       0x08000fdc   Section        0  stm32f10x_it.o(i.UART5_IRQHandler)
    i.UART_Config_RxInterrupt                0x08000ffc   Section        0  uart.o(i.UART_Config_RxInterrupt)
    i.USART1_IRQHandler                      0x08001010   Section        0  stm32f10x_it.o(i.USART1_IRQHandler)
    i.USART2_IRQHandler                      0x08001034   Section        0  stm32f10x_it.o(i.USART2_IRQHandler)
    i.USART3_IRQHandler                      0x08001068   Section        0  stm32f10x_it.o(i.USART3_IRQHandler)
    i.USART_ClearFlag                        0x08001088   Section        0  stm32f10x_usart.o(i.USART_ClearFlag)
    i.USART_Cmd                              0x0800109a   Section        0  stm32f10x_usart.o(i.USART_Cmd)
    i.USART_GetFlagStatus                    0x080010b2   Section        0  stm32f10x_usart.o(i.USART_GetFlagStatus)
    i.USART_GetITStatus                      0x080010cc   Section        0  stm32f10x_usart.o(i.USART_GetITStatus)
    i.USART_ITConfig                         0x08001120   Section        0  stm32f10x_usart.o(i.USART_ITConfig)
    i.USART_Init                             0x0800116c   Section        0  stm32f10x_usart.o(i.USART_Init)
    i.USART_ReceiveData                      0x08001244   Section        0  stm32f10x_usart.o(i.USART_ReceiveData)
    i.UsageFault_Handler                     0x0800124e   Section        0  stm32f10x_it.o(i.UsageFault_Handler)
    i.__scatterload_copy                     0x08001252   Section       14  handlers.o(i.__scatterload_copy)
    i.__scatterload_null                     0x08001260   Section        2  handlers.o(i.__scatterload_null)
    i.__scatterload_zeroinit                 0x08001262   Section       14  handlers.o(i.__scatterload_zeroinit)
    i.main                                   0x08001270   Section        0  main.o(i.main)
    .constdata                               0x08001284   Section     1704  5110lcd.o(.constdata)
    .conststring                             0x0800192c   Section        2  task.o(.conststring)
    .data                                    0x20000000   Section       20  stm32f10x_rcc.o(.data)
    APBAHBPrescTable                         0x20000000   Data          16  stm32f10x_rcc.o(.data)
    ADCPrescTable                            0x20000010   Data           4  stm32f10x_rcc.o(.data)
    .data                                    0x20000014   Section        8  rtime.o(.data)
    tickcnt                                  0x20000018   Data           4  rtime.o(.data)
    .data                                    0x2000001c   Section        2  systest.o(.data)
    .data                                    0x2000001e   Section        3  key.o(.data)
    Key_State                                0x2000001e   Data           1  key.o(.data)
    Key_Prev                                 0x2000001f   Data           1  key.o(.data)
    Key_Delay                                0x20000020   Data           1  key.o(.data)
    .data                                    0x20000024   Section       30  remote.o(.data)
    IR_LastPluse                             0x20000036   Data           2  remote.o(.data)
    IR_Sta                                   0x20000038   Data           1  remote.o(.data)
    IR_Code                                  0x2000003c   Data           4  remote.o(.data)
    IR_PluseCnt                              0x20000040   Data           1  remote.o(.data)
    IR_Up                                    0x20000041   Data           1  remote.o(.data)
    .data                                    0x20000044   Section       40  task.o(.data)
    .bss                                     0x2000006c   Section      300  systest.o(.bss)
    STACK                                    0x20000198   Section     8192  startup_stm32f10x_hd.o(STACK)

    Global Symbols

    Symbol Name                              Value     Ov Type        Size  Object(Section)

    BuildAttributes$$THM_ISAv4$P$D$K$B$S$PE$A:L22UL41UL21$X:L11$S22US41US21$IEEE1$IW$USESV6$~STKCKD$USESV7$~SHL$OSPACE$EBA8$MICROLIB$REQ8$PRES8$EABIv2 0x00000000   Number         0  anon$$obj.o ABSOLUTE
    __ARM_use_no_argv                        0x00000000   Number         0  main.o ABSOLUTE
    __cpp_initialize__aeabi_                  - Undefined Weak Reference
    __cxa_finalize                            - Undefined Weak Reference
    __decompress                              - Undefined Weak Reference
    _clock_init                               - Undefined Weak Reference
    _microlib_exit                            - Undefined Weak Reference
    __Vectors_Size                           0x00000130   Number         0  startup_stm32f10x_hd.o ABSOLUTE
    __Vectors                                0x08000000   Data           4  startup_stm32f10x_hd.o(RESET)
    __Vectors_End                            0x08000130   Data           0  startup_stm32f10x_hd.o(RESET)
    __main                                   0x08000131   Thumb Code     0  entry.o(.ARM.Collect$$$$00000000)
    _main_stk                                0x08000131   Thumb Code     0  entry2.o(.ARM.Collect$$$$00000001)
    _main_scatterload                        0x08000135   Thumb Code     0  entry5.o(.ARM.Collect$$$$00000004)
    __main_after_scatterload                 0x08000139   Thumb Code     0  entry5.o(.ARM.Collect$$$$00000004)
    _main_clock                              0x08000139   Thumb Code     0  entry7b.o(.ARM.Collect$$$$00000008)
    _main_cpp_init                           0x08000139   Thumb Code     0  entry8b.o(.ARM.Collect$$$$0000000A)
    _main_init                               0x08000139   Thumb Code     0  entry9a.o(.ARM.Collect$$$$0000000B)
    __rt_final_cpp                           0x08000141   Thumb Code     0  entry10a.o(.ARM.Collect$$$$0000000D)
    __rt_final_exit                          0x08000141   Thumb Code     0  entry11a.o(.ARM.Collect$$$$0000000F)
    Reset_Handler                            0x08000145   Thumb Code     8  startup_stm32f10x_hd.o(.text)
    SVC_Handler                              0x08000157   Thumb Code     2  startup_stm32f10x_hd.o(.text)
    DebugMon_Handler                         0x08000159   Thumb Code     2  startup_stm32f10x_hd.o(.text)
    PendSV_Handler                           0x0800015b   Thumb Code     2  startup_stm32f10x_hd.o(.text)
    ADC1_2_IRQHandler                        0x0800015f   Thumb Code     0  startup_stm32f10x_hd.o(.text)
    ADC3_IRQHandler                          0x0800015f   Thumb Code     0  startup_stm32f10x_hd.o(.text)
    CAN1_RX1_IRQHandler                      0x0800015f   Thumb Code     0  startup_stm32f10x_hd.o(.text)
    CAN1_SCE_IRQHandler                      0x0800015f   Thumb Code     0  startup_stm32f10x_hd.o(.text)
    DMA1_Channel1_IRQHandler                 0x0800015f   Thumb Code     0  startup_stm32f10x_hd.o(.text)
    DMA1_Channel2_IRQHandler                 0x0800015f   Thumb Code     0  startup_stm32f10x_hd.o(.text)
    DMA1_Channel3_IRQHandler                 0x0800015f   Thumb Code     0  startup_stm32f10x_hd.o(.text)
    DMA1_Channel4_IRQHandler                 0x0800015f   Thumb Code     0  startup_stm32f10x_hd.o(.text)
    DMA1_Channel5_IRQHandler                 0x0800015f   Thumb Code     0  startup_stm32f10x_hd.o(.text)
    DMA1_Channel6_IRQHandler                 0x0800015f   Thumb Code     0  startup_stm32f10x_hd.o(.text)
    DMA1_Channel7_IRQHandler                 0x0800015f   Thumb Code     0  startup_stm32f10x_hd.o(.text)
    DMA2_Channel1_IRQHandler                 0x0800015f   Thumb Code     0  startup_stm32f10x_hd.o(.text)
    DMA2_Channel2_IRQHandler                 0x0800015f   Thumb Code     0  startup_stm32f10x_hd.o(.text)
    DMA2_Channel3_IRQHandler                 0x0800015f   Thumb Code     0  startup_stm32f10x_hd.o(.text)
    DMA2_Channel4_5_IRQHandler               0x0800015f   Thumb Code     0  startup_stm32f10x_hd.o(.text)
    EXTI0_IRQHandler                         0x0800015f   Thumb Code     0  startup_stm32f10x_hd.o(.text)
    EXTI15_10_IRQHandler                     0x0800015f   Thumb Code     0  startup_stm32f10x_hd.o(.text)
    EXTI1_IRQHandler                         0x0800015f   Thumb Code     0  startup_stm32f10x_hd.o(.text)
    EXTI2_IRQHandler                         0x0800015f   Thumb Code     0  startup_stm32f10x_hd.o(.text)
    EXTI3_IRQHandler                         0x0800015f   Thumb Code     0  startup_stm32f10x_hd.o(.text)
    EXTI4_IRQHandler                         0x0800015f   Thumb Code     0  startup_stm32f10x_hd.o(.text)
    EXTI9_5_IRQHandler                       0x0800015f   Thumb Code     0  startup_stm32f10x_hd.o(.text)
    FLASH_IRQHandler                         0x0800015f   Thumb Code     0  startup_stm32f10x_hd.o(.text)
    FSMC_IRQHandler                          0x0800015f   Thumb Code     0  startup_stm32f10x_hd.o(.text)
    I2C1_ER_IRQHandler                       0x0800015f   Thumb Code     0  startup_stm32f10x_hd.o(.text)
    I2C1_EV_IRQHandler                       0x0800015f   Thumb Code     0  startup_stm32f10x_hd.o(.text)
    I2C2_ER_IRQHandler                       0x0800015f   Thumb Code     0  startup_stm32f10x_hd.o(.text)
    I2C2_EV_IRQHandler                       0x0800015f   Thumb Code     0  startup_stm32f10x_hd.o(.text)
    PVD_IRQHandler                           0x0800015f   Thumb Code     0  startup_stm32f10x_hd.o(.text)
    RCC_IRQHandler                           0x0800015f   Thumb Code     0  startup_stm32f10x_hd.o(.text)
    RTCAlarm_IRQHandler                      0x0800015f   Thumb Code     0  startup_stm32f10x_hd.o(.text)
    RTC_IRQHandler                           0x0800015f   Thumb Code     0  startup_stm32f10x_hd.o(.text)
    SDIO_IRQHandler                          0x0800015f   Thumb Code     0  startup_stm32f10x_hd.o(.text)
    SPI1_IRQHandler                          0x0800015f   Thumb Code     0  startup_stm32f10x_hd.o(.text)
    SPI2_IRQHandler                          0x0800015f   Thumb Code     0  startup_stm32f10x_hd.o(.text)
    SPI3_IRQHandler                          0x0800015f   Thumb Code     0  startup_stm32f10x_hd.o(.text)
    TAMPER_IRQHandler                        0x0800015f   Thumb Code     0  startup_stm32f10x_hd.o(.text)
    TIM1_BRK_IRQHandler                      0x0800015f   Thumb Code     0  startup_stm32f10x_hd.o(.text)
    TIM1_CC_IRQHandler                       0x0800015f   Thumb Code     0  startup_stm32f10x_hd.o(.text)
    TIM1_TRG_COM_IRQHandler                  0x0800015f   Thumb Code     0  startup_stm32f10x_hd.o(.text)
    TIM1_UP_IRQHandler                       0x0800015f   Thumb Code     0  startup_stm32f10x_hd.o(.text)
    TIM3_IRQHandler                          0x0800015f   Thumb Code     0  startup_stm32f10x_hd.o(.text)
    TIM4_IRQHandler                          0x0800015f   Thumb Code     0  startup_stm32f10x_hd.o(.text)
    TIM6_IRQHandler                          0x0800015f   Thumb Code     0  startup_stm32f10x_hd.o(.text)
    TIM7_IRQHandler                          0x0800015f   Thumb Code     0  startup_stm32f10x_hd.o(.text)
    TIM8_BRK_IRQHandler                      0x0800015f   Thumb Code     0  startup_stm32f10x_hd.o(.text)
    TIM8_CC_IRQHandler                       0x0800015f   Thumb Code     0  startup_stm32f10x_hd.o(.text)
    TIM8_TRG_COM_IRQHandler                  0x0800015f   Thumb Code     0  startup_stm32f10x_hd.o(.text)
    TIM8_UP_IRQHandler                       0x0800015f   Thumb Code     0  startup_stm32f10x_hd.o(.text)
    USBWakeUp_IRQHandler                     0x0800015f   Thumb Code     0  startup_stm32f10x_hd.o(.text)
    USB_HP_CAN1_TX_IRQHandler                0x0800015f   Thumb Code     0  startup_stm32f10x_hd.o(.text)
    USB_LP_CAN1_RX0_IRQHandler               0x0800015f   Thumb Code     0  startup_stm32f10x_hd.o(.text)
    WWDG_IRQHandler                          0x0800015f   Thumb Code     0  startup_stm32f10x_hd.o(.text)
    __scatterload                            0x08000169   Thumb Code    28  init.o(.text)
    __scatterload_rt2                        0x08000169   Thumb Code     0  init.o(.text)
    BSP_Init                                 0x0800018d   Thumb Code    24  bsp.o(i.BSP_Init)
    BusFault_Handler                         0x080001a5   Thumb Code     4  stm32f10x_it.o(i.BusFault_Handler)
    GPIO_Configuration_LCD                   0x080001a9   Thumb Code    48  5110lcd.o(i.GPIO_Configuration_LCD)
    GPIO_Init                                0x080001dd   Thumb Code   278  stm32f10x_gpio.o(i.GPIO_Init)
    GPIO_ReadInputDataBit                    0x080002f3   Thumb Code    18  stm32f10x_gpio.o(i.GPIO_ReadInputDataBit)
    GPIO_ResetBits                           0x08000305   Thumb Code     4  stm32f10x_gpio.o(i.GPIO_ResetBits)
    GPIO_SetBits                             0x08000309   Thumb Code     4  stm32f10x_gpio.o(i.GPIO_SetBits)
    Getdatatask                              0x08000325   Thumb Code    14  task.o(i.Getdatatask)
    HardFault_Handler                        0x08000341   Thumb Code     4  stm32f10x_it.o(i.HardFault_Handler)
    KeyAction                                0x08000345   Thumb Code    82  task.o(i.KeyAction)
    Key_Scan                                 0x08000399   Thumb Code   154  key.o(i.Key_Scan)
    LCD_Clear                                0x08000441   Thumb Code    44  5110lcd.o(i.LCD_Clear)
    LCD_Init                                 0x0800046d   Thumb Code    90  5110lcd.o(i.LCD_Init)
    LCD_Set_XY                               0x080004cd   Thumb Code    42  5110lcd.o(i.LCD_Set_XY)
    LCD_WriteByte                            0x080004fd   Thumb Code   136  5110lcd.o(i.LCD_WriteByte)
    LCD_Write_cn                             0x08000589   Thumb Code    92  5110lcd.o(i.LCD_Write_cn)
    LcdDislayTask                            0x080005e9   Thumb Code     2  lcd.o(i.LcdDislayTask)
    LcdMainInit                              0x080005eb   Thumb Code    86  lcd.o(i.LcdMainInit)
    Led1_Init                                0x08000641   Thumb Code    38  led.o(i.Led1_Init)
    Led2_Init                                0x0800066d   Thumb Code    38  led.o(i.Led2_Init)
    Led3_Init                                0x08000699   Thumb Code    38  led.o(i.Led3_Init)
    Led4_Init                                0x080006c5   Thumb Code    38  led.o(i.Led4_Init)
    Led_Init                                 0x080006f1   Thumb Code    20  led.o(i.Led_Init)
    MainKeytask                              0x08000705   Thumb Code    36  task.o(i.MainKeytask)
    MemManage_Handler                        0x08000731   Thumb Code     4  stm32f10x_it.o(i.MemManage_Handler)
    NMI_Handler                              0x08000735   Thumb Code     4  stm32f10x_it.o(i.NMI_Handler)
    NVIC_Configuration                       0x08000739   Thumb Code    70  nvic.o(i.NVIC_Configuration)
    NVIC_Init                                0x08000781   Thumb Code   100  misc.o(i.NVIC_Init)
    NVIC_PriorityGroupConfig                 0x080007f1   Thumb Code    10  misc.o(i.NVIC_PriorityGroupConfig)
    RCC_APB1PeriphClockCmd                   0x08000805   Thumb Code    26  stm32f10x_rcc.o(i.RCC_APB1PeriphClockCmd)
    RCC_APB2PeriphClockCmd                   0x08000825   Thumb Code    26  stm32f10x_rcc.o(i.RCC_APB2PeriphClockCmd)
    RCC_GetClocksFreq                        0x08000845   Thumb Code   192  stm32f10x_rcc.o(i.RCC_GetClocksFreq)
    RInit                                    0x08000919   Thumb Code     8  rsystem.o(i.RInit)
    RMLStrcmp                                0x08000921   Thumb Code    34  rstring.o(i.RMLStrcmp)
    SysTest_Bsp_Init                         0x08000a2d   Thumb Code    12  systest.o(i.SysTest_Bsp_Init)
    SysTest_Enable_RcvIT                     0x08000a39   Thumb Code    12  systest.o(i.SysTest_Enable_RcvIT)
    SysTest_GetUartData                      0x08000a49   Thumb Code    54  systest.o(i.SysTest_GetUartData)
    SysTest_UART_Init                        0x08000a8d   Thumb Code    12  systest.o(i.SysTest_UART_Init)
    SysTick_Handler                          0x08000a99   Thumb Code    26  rtime.o(i.SysTick_Handler)
    SystemInit                               0x08000ab9   Thumb Code    70  system_stm32f10x.o(i.SystemInit)
    Systick_Init                             0x08000b0d   Thumb Code    62  rtime.o(i.Systick_Init)
    TIM2_IRQHandler                          0x08000b55   Thumb Code   364  remote.o(i.TIM2_IRQHandler)
    TIM5_IRQHandler                          0x08000cdd   Thumb Code   384  remote.o(i.TIM5_IRQHandler)
    TIM_ClearFlag                            0x08000e75   Thumb Code     6  stm32f10x_tim.o(i.TIM_ClearFlag)
    TIM_GetCapture2                          0x08000e7b   Thumb Code     6  stm32f10x_tim.o(i.TIM_GetCapture2)
    TIM_GetITStatus                          0x08000e81   Thumb Code    34  stm32f10x_tim.o(i.TIM_GetITStatus)
    TIM_OC2PolarityConfig                    0x08000ea3   Thumb Code    26  stm32f10x_tim.o(i.TIM_OC2PolarityConfig)
    TIM_SetCounter                           0x08000ebd   Thumb Code     4  stm32f10x_tim.o(i.TIM_SetCounter)
    Timer_Delayms                            0x08000ec1   Thumb Code    26  rtime.o(i.Timer_Delayms)
    Timer_GetElapse                          0x08000edd   Thumb Code    18  rtime.o(i.Timer_GetElapse)
    Timer_GetReached                         0x08000ef5   Thumb Code    32  rtime.o(i.Timer_GetReached)
    Timer_Reset                              0x08000f15   Thumb Code     8  rtime.o(i.Timer_Reset)
    Timer_Set                                0x08000f21   Thumb Code    10  rtime.o(i.Timer_Set)
    Timer_TickISR                            0x08000f31   Thumb Code    12  rtime.o(i.Timer_TickISR)
    UART2_Init                               0x08000f41   Thumb Code   114  uart.o(i.UART2_Init)
    UART4_IRQHandler                         0x08000fbd   Thumb Code    28  stm32f10x_it.o(i.UART4_IRQHandler)
    UART5_IRQHandler                         0x08000fdd   Thumb Code    28  stm32f10x_it.o(i.UART5_IRQHandler)
    UART_Config_RxInterrupt                  0x08000ffd   Thumb Code    20  uart.o(i.UART_Config_RxInterrupt)
    USART1_IRQHandler                        0x08001011   Thumb Code    30  stm32f10x_it.o(i.USART1_IRQHandler)
    USART2_IRQHandler                        0x08001035   Thumb Code    46  stm32f10x_it.o(i.USART2_IRQHandler)
    USART3_IRQHandler                        0x08001069   Thumb Code    28  stm32f10x_it.o(i.USART3_IRQHandler)
    USART_ClearFlag                          0x08001089   Thumb Code    18  stm32f10x_usart.o(i.USART_ClearFlag)
    USART_Cmd                                0x0800109b   Thumb Code    24  stm32f10x_usart.o(i.USART_Cmd)
    USART_GetFlagStatus                      0x080010b3   Thumb Code    26  stm32f10x_usart.o(i.USART_GetFlagStatus)
    USART_GetITStatus                        0x080010cd   Thumb Code    84  stm32f10x_usart.o(i.USART_GetITStatus)
    USART_ITConfig                           0x08001121   Thumb Code    74  stm32f10x_usart.o(i.USART_ITConfig)
    USART_Init                               0x0800116d   Thumb Code   210  stm32f10x_usart.o(i.USART_Init)
    USART_ReceiveData                        0x08001245   Thumb Code    10  stm32f10x_usart.o(i.USART_ReceiveData)
    UsageFault_Handler                       0x0800124f   Thumb Code     4  stm32f10x_it.o(i.UsageFault_Handler)
    __scatterload_copy                       0x08001253   Thumb Code    14  handlers.o(i.__scatterload_copy)
    __scatterload_null                       0x08001261   Thumb Code     2  handlers.o(i.__scatterload_null)
    __scatterload_zeroinit                   0x08001263   Thumb Code    14  handlers.o(i.__scatterload_zeroinit)
    main                                     0x08001271   Thumb Code    20  main.o(i.main)
    font                                     0x08001284   Data         552  5110lcd.o(.constdata)
    Hzk                                      0x080014ac   Data         816  5110lcd.o(.constdata)
    chinese1                                 0x080017dc   Data         336  5110lcd.o(.constdata)
    Region$$Table$$Base                      0x08001930   Number         0  anon$$obj.o(Region$$Table)
    Region$$Table$$Limit                     0x08001950   Number         0  anon$$obj.o(Region$$Table)
    r_tickcnt                                0x20000014   Data           4  rtime.o(.data)
    GetData_bAvail                           0x2000001c   Data           1  systest.o(.data)
    SysTest_RcvDataLen                       0x2000001d   Data           1  systest.o(.data)
    IR_Key                                   0x20000024   Data           4  remote.o(.data)
    str                                      0x20000028   Data           4  remote.o(.data)
    RmtSta                                   0x2000002c   Data           1  remote.o(.data)
    Dval                                     0x2000002e   Data           2  remote.o(.data)
    RmtRec                                   0x20000030   Data           4  remote.o(.data)
    RmtCnt                                   0x20000034   Data           1  remote.o(.data)
    ModeMainFlag                             0x20000044   Data           1  task.o(.data)
    Snum                                     0x20000045   Data           4  task.o(.data)
    CheckFlag                                0x20000049   Data           1  task.o(.data)
    temp                                     0x2000004c   Data           4  task.o(.data)
    showFlag                                 0x20000050   Data           1  task.o(.data)
    datatemp                                 0x20000051   Data           4  task.o(.data)
    KEY_Tim                                  0x20000058   Data           8  task.o(.data)
    keyflag                                  0x20000060   Data           1  task.o(.data)
    keyflag1                                 0x20000061   Data           1  task.o(.data)
    keyflag2                                 0x20000062   Data           1  task.o(.data)
    Delayflag                                0x20000064   Data           4  task.o(.data)
    DelayStr                                 0x20000068   Data           4  task.o(.data)
    SysTest_RcvData                          0x2000006c   Data         150  systest.o(.bss)
    Mart_RcvData                             0x20000102   Data         150  systest.o(.bss)
    __initial_sp                             0x20002198   Data           0  startup_stm32f10x_hd.o(STACK)



==============================================================================

Memory Map of the image

  Image Entry point : 0x08000131

  Load Region LR_IROM1 (Base: 0x08000000, Size: 0x000019bc, Max: 0x00040000, ABSOLUTE)

    Execution Region ER_IROM1 (Base: 0x08000000, Size: 0x00001950, Max: 0x00040000, ABSOLUTE)

    Base Addr    Size         Type   Attr      Idx    E Section Name        Object

    0x08000000   0x00000130   Data   RO            3    RESET               startup_stm32f10x_hd.o
    0x08000130   0x00000000   Code   RO         2757  * .ARM.Collect$$$$00000000  mc_w.l(entry.o)
    0x08000130   0x00000004   Code   RO         2762    .ARM.Collect$$$$00000001  mc_w.l(entry2.o)
    0x08000134   0x00000004   Code   RO         2765    .ARM.Collect$$$$00000004  mc_w.l(entry5.o)
    0x08000138   0x00000000   Code   RO         2767    .ARM.Collect$$$$00000008  mc_w.l(entry7b.o)
    0x08000138   0x00000000   Code   RO         2769    .ARM.Collect$$$$0000000A  mc_w.l(entry8b.o)
    0x08000138   0x00000008   Code   RO         2770    .ARM.Collect$$$$0000000B  mc_w.l(entry9a.o)
    0x08000140   0x00000000   Code   RO         2772    .ARM.Collect$$$$0000000D  mc_w.l(entry10a.o)
    0x08000140   0x00000000   Code   RO         2774    .ARM.Collect$$$$0000000F  mc_w.l(entry11a.o)
    0x08000140   0x00000004   Code   RO         2763    .ARM.Collect$$$$00002712  mc_w.l(entry2.o)
    0x08000144   0x00000024   Code   RO            4    .text               startup_stm32f10x_hd.o
    0x08000168   0x00000024   Code   RO         2776    .text               mc_w.l(init.o)
    0x0800018c   0x00000018   Code   RO         2165    i.BSP_Init          bsp.o
    0x080001a4   0x00000004   Code   RO         2672    i.BusFault_Handler  stm32f10x_it.o
    0x080001a8   0x00000034   Code   RO         2259    i.GPIO_Configuration_LCD  5110lcd.o
    0x080001dc   0x00000116   Code   RO          147    i.GPIO_Init         stm32f10x_gpio.o
    0x080002f2   0x00000012   Code   RO          151    i.GPIO_ReadInputDataBit  stm32f10x_gpio.o
    0x08000304   0x00000004   Code   RO          154    i.GPIO_ResetBits    stm32f10x_gpio.o
    0x08000308   0x00000004   Code   RO          155    i.GPIO_SetBits      stm32f10x_gpio.o
    0x0800030c   0x00000018   Code   RO         2365    i.Get_Key           key.o
    0x08000324   0x0000001c   Code   RO         2608    i.Getdatatask       task.o
    0x08000340   0x00000004   Code   RO         2673    i.HardFault_Handler  stm32f10x_it.o
    0x08000344   0x00000052   Code   RO         2609    i.KeyAction         task.o
    0x08000396   0x00000002   PAD
    0x08000398   0x000000a8   Code   RO         2367    i.Key_Scan          key.o
    0x08000440   0x0000002c   Code   RO         2260    i.LCD_Clear         5110lcd.o
    0x0800046c   0x00000060   Code   RO         2261    i.LCD_Init          5110lcd.o
    0x080004cc   0x00000030   Code   RO         2262    i.LCD_Set_XY        5110lcd.o
    0x080004fc   0x0000008c   Code   RO         2263    i.LCD_WriteByte     5110lcd.o
    0x08000588   0x00000060   Code   RO         2267    i.LCD_Write_cn      5110lcd.o
    0x080005e8   0x00000002   Code   RO         2647    i.LcdDislayTask     lcd.o
    0x080005ea   0x00000056   Code   RO         2648    i.LcdMainInit       lcd.o
    0x08000640   0x0000002c   Code   RO         2518    i.Led1_Init         led.o
    0x0800066c   0x0000002c   Code   RO         2521    i.Led2_Init         led.o
    0x08000698   0x0000002c   Code   RO         2524    i.Led3_Init         led.o
    0x080006c4   0x0000002c   Code   RO         2527    i.Led4_Init         led.o
    0x080006f0   0x00000014   Code   RO         2531    i.Led_Init          led.o
    0x08000704   0x0000002c   Code   RO         2610    i.MainKeytask       task.o
    0x08000730   0x00000004   Code   RO         2674    i.MemManage_Handler  stm32f10x_it.o
    0x08000734   0x00000004   Code   RO         2675    i.NMI_Handler       stm32f10x_it.o
    0x08000738   0x00000046   Code   RO         2153    i.NVIC_Configuration  nvic.o
    0x0800077e   0x00000002   PAD
    0x08000780   0x00000070   Code   RO          101    i.NVIC_Init         misc.o
    0x080007f0   0x00000014   Code   RO          102    i.NVIC_PriorityGroupConfig  misc.o
    0x08000804   0x00000020   Code   RO          302    i.RCC_APB1PeriphClockCmd  stm32f10x_rcc.o
    0x08000824   0x00000020   Code   RO          304    i.RCC_APB2PeriphClockCmd  stm32f10x_rcc.o
    0x08000844   0x000000d4   Code   RO          312    i.RCC_GetClocksFreq  stm32f10x_rcc.o
    0x08000918   0x00000008   Code   RO         2033    i.RInit             rsystem.o
    0x08000920   0x00000022   Code   RO         1943    i.RMLStrcmp         rstring.o
    0x08000942   0x00000008   Code   RO           24    i.SetSysClock       system_stm32f10x.o
    0x0800094a   0x00000002   PAD
    0x0800094c   0x000000e0   Code   RO           25    i.SetSysClockTo72   system_stm32f10x.o
    0x08000a2c   0x0000000c   Code   RO         2179    i.SysTest_Bsp_Init  systest.o
    0x08000a38   0x00000010   Code   RO         2181    i.SysTest_Enable_RcvIT  systest.o
    0x08000a48   0x00000044   Code   RO         2182    i.SysTest_GetUartData  systest.o
    0x08000a8c   0x0000000c   Code   RO         2187    i.SysTest_UART_Init  systest.o
    0x08000a98   0x00000020   Code   RO         1868    i.SysTick_Handler   rtime.o
    0x08000ab8   0x00000054   Code   RO           27    i.SystemInit        system_stm32f10x.o
    0x08000b0c   0x00000048   Code   RO         1869    i.Systick_Init      rtime.o
    0x08000b54   0x00000188   Code   RO         2452    i.TIM2_IRQHandler   remote.o
    0x08000cdc   0x00000198   Code   RO         2453    i.TIM5_IRQHandler   remote.o
    0x08000e74   0x00000006   Code   RO          690    i.TIM_ClearFlag     stm32f10x_tim.o
    0x08000e7a   0x00000006   Code   RO          712    i.TIM_GetCapture2   stm32f10x_tim.o
    0x08000e80   0x00000022   Code   RO          717    i.TIM_GetITStatus   stm32f10x_tim.o
    0x08000ea2   0x0000001a   Code   RO          732    i.TIM_OC2PolarityConfig  stm32f10x_tim.o
    0x08000ebc   0x00000004   Code   RO          761    i.TIM_SetCounter    stm32f10x_tim.o
    0x08000ec0   0x0000001a   Code   RO         1870    i.Timer_Delayms     rtime.o
    0x08000eda   0x00000002   PAD
    0x08000edc   0x00000018   Code   RO         1871    i.Timer_GetElapse   rtime.o
    0x08000ef4   0x00000020   Code   RO         1872    i.Timer_GetReached  rtime.o
    0x08000f14   0x0000000c   Code   RO         1873    i.Timer_Reset       rtime.o
    0x08000f20   0x00000010   Code   RO         1874    i.Timer_Set         rtime.o
    0x08000f30   0x00000010   Code   RO         1875    i.Timer_TickISR     rtime.o
    0x08000f40   0x0000007c   Code   RO         2102    i.UART2_Init        uart.o
    0x08000fbc   0x00000020   Code   RO         2676    i.UART4_IRQHandler  stm32f10x_it.o
    0x08000fdc   0x00000020   Code   RO         2677    i.UART5_IRQHandler  stm32f10x_it.o
    0x08000ffc   0x00000014   Code   RO         2106    i.UART_Config_RxInterrupt  uart.o
    0x08001010   0x00000024   Code   RO         2678    i.USART1_IRQHandler  stm32f10x_it.o
    0x08001034   0x00000034   Code   RO         2679    i.USART2_IRQHandler  stm32f10x_it.o
    0x08001068   0x00000020   Code   RO         2680    i.USART3_IRQHandler  stm32f10x_it.o
    0x08001088   0x00000012   Code   RO          500    i.USART_ClearFlag   stm32f10x_usart.o
    0x0800109a   0x00000018   Code   RO          504    i.USART_Cmd         stm32f10x_usart.o
    0x080010b2   0x0000001a   Code   RO          507    i.USART_GetFlagStatus  stm32f10x_usart.o
    0x080010cc   0x00000054   Code   RO          508    i.USART_GetITStatus  stm32f10x_usart.o
    0x08001120   0x0000004a   Code   RO          510    i.USART_ITConfig    stm32f10x_usart.o
    0x0800116a   0x00000002   PAD
    0x0800116c   0x000000d8   Code   RO          511    i.USART_Init        stm32f10x_usart.o
    0x08001244   0x0000000a   Code   RO          518    i.USART_ReceiveData  stm32f10x_usart.o
    0x0800124e   0x00000004   Code   RO         2681    i.UsageFault_Handler  stm32f10x_it.o
    0x08001252   0x0000000e   Code   RO         2780    i.__scatterload_copy  mc_w.l(handlers.o)
    0x08001260   0x00000002   Code   RO         2781    i.__scatterload_null  mc_w.l(handlers.o)
    0x08001262   0x0000000e   Code   RO         2782    i.__scatterload_zeroinit  mc_w.l(handlers.o)
    0x08001270   0x00000014   Code   RO         2745    i.main              main.o
    0x08001284   0x000006a8   Data   RO         2268    .constdata          5110lcd.o
    0x0800192c   0x00000002   Data   RO         2614    .conststring        task.o
    0x0800192e   0x00000002   PAD
    0x08001930   0x00000020   Data   RO         2778    Region$$Table       anon$$obj.o


    Execution Region RW_IRAM1 (Base: 0x20000000, Size: 0x00002198, Max: 0x0000c000, ABSOLUTE)

    Base Addr    Size         Type   Attr      Idx    E Section Name        Object

    0x20000000   0x00000014   Data   RW          332    .data               stm32f10x_rcc.o
    0x20000014   0x00000008   Data   RW         1876    .data               rtime.o
    0x2000001c   0x00000002   Data   RW         2189    .data               systest.o
    0x2000001e   0x00000003   Data   RW         2368    .data               key.o
    0x20000021   0x00000003   PAD
    0x20000024   0x0000001e   Data   RW         2454    .data               remote.o
    0x20000042   0x00000002   PAD
    0x20000044   0x00000028   Data   RW         2615    .data               task.o
    0x2000006c   0x0000012c   Zero   RW         2188    .bss                systest.o
    0x20000198   0x00002000   Zero   RW            1    STACK               startup_stm32f10x_hd.o


==============================================================================

Image component sizes


      Code (inc. data)   RO Data    RW Data    ZI Data      Debug   Object Name

       476         24       1704          0          0       3804   5110lcd.o
        24          0          0          0          0        411   bsp.o
         0          0          0          0          0       4504   core_cm3.o
       192         18          0          3          0       1063   key.o
        88          0          0          0          0        802   lcd.o
       196         24          0          0          0       2143   led.o
        20          0          0          0          0        407   main.o
       132         22          0          0          0       1375   misc.o
        70          0          0          0          0        489   nvic.o
         0          0          0          0          0       2780   rdelay.o
       800         52          0         30          0       2019   remote.o
        34          0          0          0          0        912   rstring.o
         8          0          0          0          0        396   rsystem.o
       230         36          0          8          0      19607   rtime.o
        36          8        304          0       8192        796   startup_stm32f10x_hd.o
       304          0          0          0          0       3376   stm32f10x_gpio.o
       204         24          0          0          0       4176   stm32f10x_it.o
       276         32          0         20          0       4190   stm32f10x_rcc.o
        76          0          0          0          0       3061   stm32f10x_tim.o
       452          6          0          0          0       5710   stm32f10x_usart.o
       316         24          0          0          0     247729   system_stm32f10x.o
       108         18          0          2        300       2437   systest.o
       154         28          2         40          0       2770   task.o
       144         10          0          0          0       1367   uart.o

    ----------------------------------------------------------------------
      4350        326       2044        108       8492     316324   Object Totals
         0          0         32          0          0          0   (incl. Generated)
        10          0          2          5          0          0   (incl. Padding)

    ----------------------------------------------------------------------

      Code (inc. data)   RO Data    RW Data    ZI Data      Debug   Library Member Name

         0          0          0          0          0          0   entry.o
         0          0          0          0          0          0   entry10a.o
         0          0          0          0          0          0   entry11a.o
         8          4          0          0          0          0   entry2.o
         4          0          0          0          0          0   entry5.o
         0          0          0          0          0          0   entry7b.o
         0          0          0          0          0          0   entry8b.o
         8          4          0          0          0          0   entry9a.o
        30          0          0          0          0          0   handlers.o
        36          8          0          0          0         68   init.o

    ----------------------------------------------------------------------
        86         16          0          0          0         68   Library Totals
         0          0          0          0          0          0   (incl. Padding)

    ----------------------------------------------------------------------

      Code (inc. data)   RO Data    RW Data    ZI Data      Debug   Library Name

        86         16          0          0          0         68   mc_w.l

    ----------------------------------------------------------------------
        86         16          0          0          0         68   Library Totals

    ----------------------------------------------------------------------

==============================================================================


      Code (inc. data)   RO Data    RW Data    ZI Data      Debug   

      4436        342       2044        108       8492     312956   Grand Totals
      4436        342       2044        108       8492     312956   ELF Image Totals
      4436        342       2044        108          0          0   ROM Totals

==============================================================================

    Total RO  Size (Code + RO Data)                 6480 (   6.33kB)
    Total RW  Size (RW Data + ZI Data)              8600 (   8.40kB)
    Total ROM Size (Code + RO Data + RW Data)       6588 (   6.43kB)

==============================================================================

