<html>
<body>
<pre>
<h1>µVision Build Log</h1>
<h2>Tool Versions:</h2>
IDE-Version: ¦ÌVision V5.14.0.0
Copyright (C) 2015 ARM Ltd and ARM Germany GmbH. All rights reserved.
License Information: d Microsoft, Microsoft, LIC=FQQQD-8F35T-XCLJ0-BEHT1-BPK19-K7ZG0
 
Tool Versions:
Toolchain:       MDK-ARM Professional  Version: 5.14.0.0
Toolchain Path:  C:\Keil_v5\ARM\ARMCC\Bin
C Compiler:      Armcc.exe V5.05 update 1 (build 106)
Assembler:       Armasm.exe V5.05 update 1 (build 106)
Linker/Locator:  ArmLink.exe V5.05 update 1 (build 106)
Library Manager: ArmAr.exe V5.05 update 1 (build 106)
Hex Converter:   FromElf.exe V5.05 update 1 (build 106)
CPU DLL:         SARMCM3.DLL V5.14.0.0
Dialog DLL:      DCM.DLL V1.13.1.0
Target DLL:      Segger\JL2CM3.dll V2.99.13.0
Dialog DLL:      TCM.DLL V1.14.4.0
 
<h2>Project:</h2>
H:\gitprojecct\xiangwei\Project\ATC30.uvprojx
Project File Date:  05/18/2016

<h2>Output:</h2>
Build target 'mart'
compiling rtime.c...
compiling adc.c...
..\BSP\GPIO.h(3): warning:  #1-D: last line of file ends without a newline
  #endif
..\BSP\ADC\adc.c: 1 warning, 0 errors
linking...
Program Size: Code=6066 RO-data=2046 RW-data=136 ZI-data=8496  
After Build - User command #1: C:\Keil\ARM\ARMCC\bin\fromelf.exe --bin -o ..\ATC30GG.bin ..\Outputs\ATC30GG.axf
"..\Outputs\ATC30GG.axf" - 0 Error(s), 1 Warning(s).

<h2>Collection of Component include folders:</h2>
  H:\gitprojecct\xiangwei\Project\RTE
  C:\Keil_v5\ARM\PACK\Keil\STM32F1xx_DFP\1.0.5\Device\Include

<h2>Collection of Component Files used:</h2>
</pre>
</body>
</html>
